<html>
<body>
<pre>
<h1>µVision Build Log</h1>
<h2>Project:</h2>
S:\test\trunk\Projects\Seminars\EDS-SS17\ARM\ARM7\MCB2300\sm_switch\sm_switch.uvproj
Project File Date:  03/29/2017

<h2>Output:</h2>
Rebuild target 'sm_switch'
compiling main.c...
assembling startup.s...
assembling swi_interrup.s...
compiling Serial.c...
linking...
Program Size: Code=924 RO-data=16 RW-data=0 ZI-data=3432  
".\objs\sm_switch.axf" - 0 Error(s), 0 Warning(s).
S-SS17\ARM\ARM7\MCB2300\sm_switch\objs\sm_switch.axf'. Debugger aborted !
  #5: cannot open source input file "qp_port.h": No such file or directory
  #include "qp_port.h" 
..\..\..\..\..\..\..\CPU_Platforms\ARM\ARM7\MCB2300\drivers\Serial.c: 0 warnings, 1 error
"..\..\..\..\..\..\..\CPU_Platforms\ARM\ARM7\MCB2300\drivers\Serial.c" - 1 Error(s), 0 Warning(s).
compiling Serial.c...
..\..\..\..\..\..\..\CPU_Platforms\ARM\ARM7\MCB2300\drivers\Serial.c(15): error:  #5: cannot open source input file "qp_port.h": No such file or directory
  #include "qp_port.h" 
..\..\..\..\..\..\..\CPU_Platforms\ARM\ARM7\MCB2300\drivers\Serial.c: 0 warnings, 1 error
"..\..\..\..\..\..\..\CPU_Platforms\ARM\ARM7\MCB2300\drivers\Serial.c" - 1 Error(s), 0 Warning(s).
compiling Serial.c...
..\..\..\..\..\..\..\CPU_Platforms\ARM\ARM7\MCB2300\drivers\Serial.c(15): error:  #5: cannot open source input file "qp_port.h": No such file or directory
  #include "qp_port.h" 
..\..\..\..\..\..\..\CPU_Platforms\ARM\ARM7\MCB2300\drivers\Serial.c: 0 warnings, 1 error
"..\..\..\..\..\..\..\CPU_Platforms\ARM\ARM7\MCB2300\drivers\Serial.c" - 1 Error(s), 0 Warning(s).
compiling Serial.c...
"..\..\..\..\..\..\..\CPU_Platforms\ARM\ARM7\MCB2300\drivers\Serial.c" - 0 Error(s), 0 Warning(s).
