Product: MDK-ARM Lite 5.10
Component: ARM Compiler 5.04 update 1 (build 49)
Tool: armlink [5040049]

==============================================================================

Section Cross References

    retarget.o(.text) refers to serial.o(.text) for send_char
    startup.o(RESET) refers to swi_interrup.o(SWI_Area) for T_SWI_Handler
    startup.o(RESET) refers to startup.o(STACK) for Stack_Top
    startup.o(RESET) refers to entry.o(.ARM.Collect$$$$00000000) for __main
    lcd_4bit.o(.text) refers to lcd_4bit.o(.constdata) for UserFont
    serial.o(.text) refers to serial.o(.data) for keystroke
    timer.o(.text) refers to qf_tick.o(.text) for QF_tickX_
    timer.o(.text) refers to timer.o(.data) for clk_cntr
    button.o(.text) refers to button.o(.data) for event
    lc2378rtc.o(.text) refers to lc2378rtc.o(.data) for rtc_update
    adc.o(.text) refers to adc.o(.data) for event
    qmbsp.o(.text) refers to timer.o(.text) for Init_Timer1
    qmbsp.o(.text) refers to serial.o(.text) for uart_init_0
    qmbsp.o(.text) refers to adc.o(.text) for ADC_Init
    qmbsp.o(.text) refers to lc2378rtc.o(.text) for RtcInit
    qmbsp.o(.text) refers to button.o(.text) for button_init
    qmbsp.o(.text) refers to lcd_4bit.o(.text) for lcd_init
    qmbsp.o(.text) refers to printf6.o(i.__0snprintf$6) for __2snprintf
    qmbsp.o(.text) refers to printf6.o(i.__0printf$6) for __2printf
    qmbsp.o(.text) refers to qf_tick.o(.text) for QF_tickX_
    qmbsp.o(.text) refers to printf6.o(i.__0fprintf$6) for __2fprintf
    qmbsp.o(.text) refers to qvanilla.o(.text) for QF_stop
    qmbsp.o(.text) refers to retarget.o(.text) for fgetc
    qmbsp.o(.text) refers to retarget.o(.data) for __stderr
    alarm.o(.text) refers to qmbsp.o(.text) for BSP_showMsg
    alarm.o(.text) refers to qf_new.o(.text) for QF_newX_
    alarm.o(.text) refers to lc2378rtc.o(.text) for Set_RTC
    alarm.o(.text) refers to qhsm_ini.o(.text) for QHsm_ctor
    alarm.o(.text) refers to clock.o(.constdata) for APP_alarmClock
    alarm.o(.text) refers to qhsm_top.o(.text) for QHsm_top
    clock.o(.text) refers to qvanilla.o(.text) for QF_stop
    clock.o(.text) refers to qmbsp.o(.text) for BSP_showMsg
    clock.o(.text) refers to idiv.o(.text) for __aeabi_idivmod
    clock.o(.text) refers to memcpya.o(.text) for __aeabi_memcpy
    clock.o(.text) refers to qhsm_top.o(.text) for QHsm_top
    clock.o(.text) refers to lc2378rtc.o(.text) for Read_RTC
    clock.o(.text) refers to qte_arm.o(.text) for QTimeEvt_armX
    clock.o(.text) refers to qte_darm.o(.text) for QTimeEvt_disarm
    clock.o(.text) refers to qa_ctor.o(.text) for QActive_ctor
    clock.o(.text) refers to alarm.o(.text) for Alarm_ctor
    clock.o(.text) refers to qte_ctor.o(.text) for QTimeEvt_ctorX
    clock.o(.text) refers to button.o(.text) for button_setAO
    clock.o(.text) refers to adc.o(.text) for ad_setAO
    clock.o(.text) refers to clock.o(.bss) for l_alarmClock
    clock.o(.text) refers to clock.o(.constdata) for APP_alarmClock
    clock.o(.constdata) refers to clock.o(.bss) for l_alarmClock
    main.o(.text) refers to qmbsp.o(.text) for BSP_Init
    main.o(.text) refers to printf6.o(i.__0printf$6) for __2printf
    main.o(.text) refers to qvanilla.o(.text) for QF_init
    main.o(.text) refers to qf_pool.o(.text) for QF_poolInit
    main.o(.text) refers to clock.o(.text) for AlarmClock_ctor
    main.o(.text) refers to main.o(.conststring) for .conststring
    main.o(.text) refers to main.o(.bss) for l_smlPoolSto
    main.o(.text) refers to clock.o(.constdata) for APP_alarmClock
    qfsm_dis.o(.text) refers to qmbsp.o(.text) for Q_onAssert
    qfsm_dis.o(.text) refers to qfsm_dis.o(.constdata) for Q_this_module_
    qfsm_dis.o(.text) refers to qep.o(.constdata) for QEP_reservedEvt_
    qfsm_ini.o(.text) refers to qmbsp.o(.text) for Q_onAssert
    qfsm_ini.o(.text) refers to qfsm_ini.o(.constdata) for vtbl
    qfsm_ini.o(.text) refers to qep.o(.constdata) for QEP_reservedEvt_
    qfsm_ini.o(.constdata) refers to qfsm_ini.o(.text) for QFsm_init_
    qfsm_ini.o(.constdata) refers to qfsm_dis.o(.text) for QFsm_dispatch_
    qhsm_dis.o(.text) refers to qmbsp.o(.text) for Q_onAssert
    qhsm_dis.o(.text) refers to qep.o(.constdata) for QEP_reservedEvt_
    qhsm_dis.o(.text) refers to qhsm_dis.o(.constdata) for Q_this_module_
    qhsm_in.o(.text) refers to qmbsp.o(.text) for Q_onAssert
    qhsm_in.o(.text) refers to qhsm_in.o(.constdata) for Q_this_module_
    qhsm_in.o(.text) refers to qep.o(.constdata) for QEP_reservedEvt_
    qhsm_ini.o(.text) refers to qmbsp.o(.text) for Q_onAssert
    qhsm_ini.o(.text) refers to qhsm_ini.o(.constdata) for vtbl
    qhsm_ini.o(.text) refers to qhsm_top.o(.text) for QHsm_top
    qhsm_ini.o(.text) refers to qep.o(.constdata) for QEP_reservedEvt_
    qhsm_ini.o(.constdata) refers to qhsm_ini.o(.text) for QHsm_init_
    qhsm_ini.o(.constdata) refers to qhsm_dis.o(.text) for QHsm_dispatch_
    qmsm_dis.o(.text) refers to qmbsp.o(.text) for Q_onAssert
    qmsm_dis.o(.text) refers to qmsm_dis.o(.constdata) for Q_this_module_
    qmsm_ini.o(.text) refers to qmbsp.o(.text) for Q_onAssert
    qmsm_ini.o(.text) refers to qmsm_dis.o(.text) for QMsm_execTatbl_
    qmsm_ini.o(.text) refers to qmsm_ini.o(.constdata) for vtbl
    qmsm_ini.o(.constdata) refers to qmsm_ini.o(.text) for QMsm_init_
    qmsm_ini.o(.constdata) refers to qmsm_dis.o(.text) for QMsm_dispatch_
    qa_ctor.o(.text) refers to qhsm_ini.o(.text) for QHsm_ctor
    qa_ctor.o(.text) refers to qa_ctor.o(.constdata) for vtbl
    qa_ctor.o(.constdata) refers to qhsm_ini.o(.text) for QHsm_init_
    qa_ctor.o(.constdata) refers to qhsm_dis.o(.text) for QHsm_dispatch_
    qa_ctor.o(.constdata) refers to qvanilla.o(.text) for QActive_start_
    qa_ctor.o(.constdata) refers to qa_fifo.o(.text) for QActive_post_
    qa_ctor.o(.constdata) refers to qa_lifo.o(.text) for QActive_postLIFO_
    qa_defer.o(.text) refers to qeq_fifo.o(.text) for QEQueue_post
    qa_defer.o(.text) refers to qeq_get.o(.text) for QEQueue_get
    qa_defer.o(.text) refers to qmbsp.o(.text) for Q_onAssert
    qa_defer.o(.text) refers to qa_defer.o(.constdata) for Q_this_module_
    qa_fifo.o(.text) refers to qmbsp.o(.text) for Q_onAssert
    qa_fifo.o(.text) refers to qf_gc.o(.text) for QF_gc
    qa_fifo.o(.text) refers to qa_fifo.o(.constdata) for Q_this_module_
    qa_fifo.o(.text) refers to qvanilla.o(.data) for QF_readySet_
    qa_fifo.o(.text) refers to qf_pwr2.o(.constdata) for QF_pwr2Lkup
    qa_get_.o(.text) refers to qmbsp.o(.text) for Q_onAssert
    qa_get_.o(.text) refers to qa_get_.o(.constdata) for Q_this_module_
    qa_get_.o(.text) refers to qvanilla.o(.data) for QF_readySet_
    qa_get_.o(.text) refers to qf_pwr2.o(.constdata) for QF_invPwr2Lkup
    qa_get_.o(.text) refers to qf_act.o(.bss) for QF_active_
    qa_lifo.o(.text) refers to qmbsp.o(.text) for Q_onAssert
    qa_lifo.o(.text) refers to qa_lifo.o(.constdata) for Q_this_module_
    qa_lifo.o(.text) refers to qvanilla.o(.data) for QF_readySet_
    qa_lifo.o(.text) refers to qf_pwr2.o(.constdata) for QF_pwr2Lkup
    qa_sub.o(.text) refers to qmbsp.o(.text) for Q_onAssert
    qa_sub.o(.text) refers to qf_pwr2.o(.constdata) for QF_div8Lkup
    qa_sub.o(.text) refers to qf_psini.o(.data) for QF_maxSignal_
    qa_sub.o(.text) refers to qf_act.o(.bss) for QF_active_
    qa_sub.o(.text) refers to qa_sub.o(.constdata) for Q_this_module_
    qa_usub.o(.text) refers to qmbsp.o(.text) for Q_onAssert
    qa_usub.o(.text) refers to qf_pwr2.o(.constdata) for QF_div8Lkup
    qa_usub.o(.text) refers to qf_psini.o(.data) for QF_maxSignal_
    qa_usub.o(.text) refers to qf_act.o(.bss) for QF_active_
    qa_usub.o(.text) refers to qa_usub.o(.constdata) for Q_this_module_
    qa_usuba.o(.text) refers to qmbsp.o(.text) for Q_onAssert
    qa_usuba.o(.text) refers to qf_act.o(.bss) for QF_active_
    qa_usuba.o(.text) refers to qa_usuba.o(.constdata) for Q_this_module_
    qa_usuba.o(.text) refers to qf_pwr2.o(.constdata) for QF_div8Lkup
    qa_usuba.o(.text) refers to qf_psini.o(.data) for QF_subscrList_
    qeq_fifo.o(.text) refers to qmbsp.o(.text) for Q_onAssert
    qeq_fifo.o(.text) refers to qeq_fifo.o(.constdata) for Q_this_module_
    qeq_get.o(.text) refers to qmbsp.o(.text) for Q_onAssert
    qeq_get.o(.text) refers to qeq_get.o(.constdata) for Q_this_module_
    qeq_lifo.o(.text) refers to qmbsp.o(.text) for Q_onAssert
    qeq_lifo.o(.text) refers to qeq_lifo.o(.constdata) for Q_this_module_
    qf_act.o(.text) refers to qmbsp.o(.text) for Q_onAssert
    qf_act.o(.text) refers to qf_act.o(.bss) for QF_active_
    qf_act.o(.text) refers to qf_act.o(.constdata) for Q_this_module_
    qf_gc.o(.text) refers to qmbsp.o(.text) for Q_onAssert
    qf_gc.o(.text) refers to qmp_put.o(.text) for QMPool_put
    qf_gc.o(.text) refers to qf_pool.o(.data) for QF_maxPool_
    qf_gc.o(.text) refers to qf_gc.o(.constdata) for Q_this_module_
    qf_gc.o(.text) refers to qf_pool.o(.bss) for QF_pool_
    qf_new.o(.text) refers to qmbsp.o(.text) for Q_onAssert
    qf_new.o(.text) refers to qmp_get.o(.text) for QMPool_get
    qf_new.o(.text) refers to qf_pool.o(.bss) for QF_pool_
    qf_new.o(.text) refers to qf_pool.o(.data) for QF_maxPool_
    qf_new.o(.text) refers to qf_new.o(.constdata) for Q_this_module_
    qf_pool.o(.text) refers to qmbsp.o(.text) for Q_onAssert
    qf_pool.o(.text) refers to qmp_init.o(.text) for QMPool_init
    qf_pool.o(.text) refers to qf_pool.o(.data) for QF_maxPool_
    qf_pool.o(.text) refers to qf_pool.o(.constdata) for Q_this_module_
    qf_pool.o(.text) refers to qf_pool.o(.bss) for QF_pool_
    qf_psini.o(.text) refers to qf_act.o(.text) for QF_bzero
    qf_psini.o(.text) refers to qf_psini.o(.data) for QF_subscrList_
    qf_pspub.o(.text) refers to qmbsp.o(.text) for Q_onAssert
    qf_pspub.o(.text) refers to qf_gc.o(.text) for QF_gc
    qf_pspub.o(.text) refers to qf_psini.o(.data) for QF_maxSignal_
    qf_pspub.o(.text) refers to qf_pspub.o(.constdata) for Q_this_module_
    qf_pspub.o(.text) refers to qf_log2.o(.constdata) for QF_log2Lkup
    qf_pspub.o(.text) refers to qf_pwr2.o(.constdata) for QF_invPwr2Lkup
    qf_pspub.o(.text) refers to qf_act.o(.bss) for QF_active_
    qf_tick.o(.text) refers to qmbsp.o(.text) for Q_onAssert
    qf_tick.o(.text) refers to qf_tick.o(.bss) for QF_timeEvtHead_
    qf_tick.o(.text) refers to qf_tick.o(.constdata) for Q_this_module_
    qma_ctor.o(.text) refers to qmsm_ini.o(.text) for QMsm_ctor
    qma_ctor.o(.text) refers to qma_ctor.o(.constdata) for vtbl
    qma_ctor.o(.constdata) refers to qmsm_ini.o(.text) for QMsm_init_
    qma_ctor.o(.constdata) refers to qmsm_dis.o(.text) for QMsm_dispatch_
    qma_ctor.o(.constdata) refers to qvanilla.o(.text) for QActive_start_
    qma_ctor.o(.constdata) refers to qa_fifo.o(.text) for QActive_post_
    qma_ctor.o(.constdata) refers to qa_lifo.o(.text) for QActive_postLIFO_
    qmp_get.o(.text) refers to qmbsp.o(.text) for Q_onAssert
    qmp_get.o(.text) refers to qmp_get.o(.constdata) for Q_this_module_
    qmp_get.o(.text) refers to qf_pool.o(.data) for QF_maxPool_
    qmp_get.o(.text) refers to qf_pool.o(.bss) for QF_pool_
    qmp_init.o(.text) refers to qmbsp.o(.text) for Q_onAssert
    qmp_init.o(.text) refers to qmp_init.o(.constdata) for Q_this_module_
    qmp_put.o(.text) refers to qmbsp.o(.text) for Q_onAssert
    qmp_put.o(.text) refers to qmp_put.o(.constdata) for Q_this_module_
    qte_arm.o(.text) refers to qmbsp.o(.text) for Q_onAssert
    qte_arm.o(.text) refers to qte_arm.o(.constdata) for Q_this_module_
    qte_arm.o(.text) refers to qf_tick.o(.bss) for QF_timeEvtHead_
    qte_ctor.o(.text) refers to qmbsp.o(.text) for Q_onAssert
    qte_ctor.o(.text) refers to qte_ctor.o(.constdata) for Q_this_module_
    qte_rarm.o(.text) refers to qmbsp.o(.text) for Q_onAssert
    qte_rarm.o(.text) refers to qte_rarm.o(.constdata) for Q_this_module_
    qte_rarm.o(.text) refers to qf_tick.o(.bss) for QF_timeEvtHead_
    qvanilla.o(.text) refers to qf_act.o(.text) for QF_bzero
    qvanilla.o(.text) refers to qmbsp.o(.text) for QF_onCleanup
    qvanilla.o(.text) refers to qa_get_.o(.text) for QActive_get_
    qvanilla.o(.text) refers to qf_gc.o(.text) for QF_gc
    qvanilla.o(.text) refers to qeq_init.o(.text) for QEQueue_init
    qvanilla.o(.text) refers to qf_pool.o(.data) for QF_maxPool_
    qvanilla.o(.text) refers to qvanilla.o(.data) for QF_readySet_
    qvanilla.o(.text) refers to qf_tick.o(.bss) for QF_timeEvtHead_
    qvanilla.o(.text) refers to qf_act.o(.bss) for QF_active_
    qvanilla.o(.text) refers to qf_log2.o(.constdata) for QF_log2Lkup
    qvanilla.o(.text) refers to qvanilla.o(.constdata) for Q_this_module_
    entry.o(.ARM.Collect$$$$00000000) refers (Special) to entry10a.o(.ARM.Collect$$$$0000000D) for __rt_final_cpp
    entry.o(.ARM.Collect$$$$00000000) refers (Special) to entry11a.o(.ARM.Collect$$$$0000000F) for __rt_final_exit
    entry.o(.ARM.Collect$$$$00000000) refers (Special) to entry7b.o(.ARM.Collect$$$$00000008) for _main_clock
    entry.o(.ARM.Collect$$$$00000000) refers (Special) to entry8b.o(.ARM.Collect$$$$0000000A) for _main_cpp_init
    entry.o(.ARM.Collect$$$$00000000) refers (Special) to entry9a.o(.ARM.Collect$$$$0000000B) for _main_init
    entry.o(.ARM.Collect$$$$00000000) refers (Special) to entry5.o(.ARM.Collect$$$$00000004) for _main_scatterload
    entry.o(.ARM.Collect$$$$00000000) refers (Special) to entry2.o(.ARM.Collect$$$$00000001) for _main_stk
    idiv.o(.text) refers to uidiv.o(.text) for __aeabi_uidivmod
    printfb.o(i.__0fprintf$bare) refers to printfb.o(i._printf_core) for _printf_core
    printfb.o(i.__0fprintf$bare) refers to retarget.o(.text) for fputc
    printfb.o(i.__0printf$bare) refers to printfb.o(i._printf_core) for _printf_core
    printfb.o(i.__0printf$bare) refers to retarget.o(.text) for fputc
    printfb.o(i.__0printf$bare) refers to retarget.o(.data) for __stdout
    printfb.o(i.__0snprintf$bare) refers to printfb.o(i._printf_core) for _printf_core
    printfb.o(i.__0snprintf$bare) refers to printfb.o(i._snputc) for _snputc
    printfb.o(i.__0sprintf$bare) refers to printfb.o(i._printf_core) for _printf_core
    printfb.o(i.__0sprintf$bare) refers to printfb.o(i._sputc) for _sputc
    printfb.o(i.__0vfprintf$bare) refers to printfb.o(i._printf_core) for _printf_core
    printfb.o(i.__0vfprintf$bare) refers to retarget.o(.text) for fputc
    printfb.o(i.__0vprintf$bare) refers to printfb.o(i._printf_core) for _printf_core
    printfb.o(i.__0vprintf$bare) refers to retarget.o(.text) for fputc
    printfb.o(i.__0vprintf$bare) refers to retarget.o(.data) for __stdout
    printfb.o(i.__0vsnprintf$bare) refers to printfb.o(i._printf_core) for _printf_core
    printfb.o(i.__0vsnprintf$bare) refers to printfb.o(i._snputc) for _snputc
    printfb.o(i.__0vsprintf$bare) refers to printfb.o(i._printf_core) for _printf_core
    printfb.o(i.__0vsprintf$bare) refers to printfb.o(i._sputc) for _sputc
    printfb.o(i._printf_core) refers to printfb.o(i.__ARM_common_call_via_r6) for __ARM_common_call_via_r6
    printf0.o(i.__0fprintf$0) refers to printf0.o(i._printf_core) for _printf_core
    printf0.o(i.__0fprintf$0) refers to retarget.o(.text) for fputc
    printf0.o(i.__0printf$0) refers to printf0.o(i._printf_core) for _printf_core
    printf0.o(i.__0printf$0) refers to retarget.o(.text) for fputc
    printf0.o(i.__0printf$0) refers to retarget.o(.data) for __stdout
    printf0.o(i.__0snprintf$0) refers to printf0.o(i._printf_core) for _printf_core
    printf0.o(i.__0snprintf$0) refers to printf0.o(i._snputc) for _snputc
    printf0.o(i.__0sprintf$0) refers to printf0.o(i._printf_core) for _printf_core
    printf0.o(i.__0sprintf$0) refers to printf0.o(i._sputc) for _sputc
    printf0.o(i.__0vfprintf$0) refers to printf0.o(i._printf_core) for _printf_core
    printf0.o(i.__0vfprintf$0) refers to retarget.o(.text) for fputc
    printf0.o(i.__0vprintf$0) refers to printf0.o(i._printf_core) for _printf_core
    printf0.o(i.__0vprintf$0) refers to retarget.o(.text) for fputc
    printf0.o(i.__0vprintf$0) refers to retarget.o(.data) for __stdout
    printf0.o(i.__0vsnprintf$0) refers to printf0.o(i._printf_core) for _printf_core
    printf0.o(i.__0vsnprintf$0) refers to printf0.o(i._snputc) for _snputc
    printf0.o(i.__0vsprintf$0) refers to printf0.o(i._printf_core) for _printf_core
    printf0.o(i.__0vsprintf$0) refers to printf0.o(i._sputc) for _sputc
    printf0.o(i._printf_core) refers to printfb.o(i.__ARM_common_call_via_r6) for __ARM_common_call_via_r6
    printf1.o(i.__0fprintf$1) refers to printf1.o(i._printf_core) for _printf_core
    printf1.o(i.__0fprintf$1) refers to retarget.o(.text) for fputc
    printf1.o(i.__0printf$1) refers to printf1.o(i._printf_core) for _printf_core
    printf1.o(i.__0printf$1) refers to retarget.o(.text) for fputc
    printf1.o(i.__0printf$1) refers to retarget.o(.data) for __stdout
    printf1.o(i.__0snprintf$1) refers to printf1.o(i._printf_core) for _printf_core
    printf1.o(i.__0snprintf$1) refers to printf1.o(i._snputc) for _snputc
    printf1.o(i.__0sprintf$1) refers to printf1.o(i._printf_core) for _printf_core
    printf1.o(i.__0sprintf$1) refers to printf1.o(i._sputc) for _sputc
    printf1.o(i.__0vfprintf$1) refers to printf1.o(i._printf_core) for _printf_core
    printf1.o(i.__0vfprintf$1) refers to retarget.o(.text) for fputc
    printf1.o(i.__0vprintf$1) refers to printf1.o(i._printf_core) for _printf_core
    printf1.o(i.__0vprintf$1) refers to retarget.o(.text) for fputc
    printf1.o(i.__0vprintf$1) refers to retarget.o(.data) for __stdout
    printf1.o(i.__0vsnprintf$1) refers to printf1.o(i._printf_core) for _printf_core
    printf1.o(i.__0vsnprintf$1) refers to printf1.o(i._snputc) for _snputc
    printf1.o(i.__0vsprintf$1) refers to printf1.o(i._printf_core) for _printf_core
    printf1.o(i.__0vsprintf$1) refers to printf1.o(i._sputc) for _sputc
    printf1.o(i._printf_core) refers to printf1.o(i.__ARM_common_call_via_r2) for __ARM_common_call_via_r2
    printf1.o(i._printf_core) refers to uidiv.o(.text) for __aeabi_uidivmod
    printf2.o(i.__0fprintf$2) refers to printf2.o(i._printf_core) for _printf_core
    printf2.o(i.__0fprintf$2) refers to retarget.o(.text) for fputc
    printf2.o(i.__0printf$2) refers to printf2.o(i._printf_core) for _printf_core
    printf2.o(i.__0printf$2) refers to retarget.o(.text) for fputc
    printf2.o(i.__0printf$2) refers to retarget.o(.data) for __stdout
    printf2.o(i.__0snprintf$2) refers to printf2.o(i._printf_core) for _printf_core
    printf2.o(i.__0snprintf$2) refers to printf2.o(i._snputc) for _snputc
    printf2.o(i.__0sprintf$2) refers to printf2.o(i._printf_core) for _printf_core
    printf2.o(i.__0sprintf$2) refers to printf2.o(i._sputc) for _sputc
    printf2.o(i.__0vfprintf$2) refers to printf2.o(i._printf_core) for _printf_core
    printf2.o(i.__0vfprintf$2) refers to retarget.o(.text) for fputc
    printf2.o(i.__0vprintf$2) refers to printf2.o(i._printf_core) for _printf_core
    printf2.o(i.__0vprintf$2) refers to retarget.o(.text) for fputc
    printf2.o(i.__0vprintf$2) refers to retarget.o(.data) for __stdout
    printf2.o(i.__0vsnprintf$2) refers to printf2.o(i._printf_core) for _printf_core
    printf2.o(i.__0vsnprintf$2) refers to printf2.o(i._snputc) for _snputc
    printf2.o(i.__0vsprintf$2) refers to printf2.o(i._printf_core) for _printf_core
    printf2.o(i.__0vsprintf$2) refers to printf2.o(i._sputc) for _sputc
    printf2.o(i._printf_core) refers to printf1.o(i.__ARM_common_call_via_r2) for __ARM_common_call_via_r2
    printf3.o(i.__0fprintf$3) refers to printf3.o(i._printf_core) for _printf_core
    printf3.o(i.__0fprintf$3) refers to retarget.o(.text) for fputc
    printf3.o(i.__0printf$3) refers to printf3.o(i._printf_core) for _printf_core
    printf3.o(i.__0printf$3) refers to retarget.o(.text) for fputc
    printf3.o(i.__0printf$3) refers to retarget.o(.data) for __stdout
    printf3.o(i.__0snprintf$3) refers to printf3.o(i._printf_core) for _printf_core
    printf3.o(i.__0snprintf$3) refers to printf3.o(i._snputc) for _snputc
    printf3.o(i.__0sprintf$3) refers to printf3.o(i._printf_core) for _printf_core
    printf3.o(i.__0sprintf$3) refers to printf3.o(i._sputc) for _sputc
    printf3.o(i.__0vfprintf$3) refers to printf3.o(i._printf_core) for _printf_core
    printf3.o(i.__0vfprintf$3) refers to retarget.o(.text) for fputc
    printf3.o(i.__0vprintf$3) refers to printf3.o(i._printf_core) for _printf_core
    printf3.o(i.__0vprintf$3) refers to retarget.o(.text) for fputc
    printf3.o(i.__0vprintf$3) refers to retarget.o(.data) for __stdout
    printf3.o(i.__0vsnprintf$3) refers to printf3.o(i._printf_core) for _printf_core
    printf3.o(i.__0vsnprintf$3) refers to printf3.o(i._snputc) for _snputc
    printf3.o(i.__0vsprintf$3) refers to printf3.o(i._printf_core) for _printf_core
    printf3.o(i.__0vsprintf$3) refers to printf3.o(i._sputc) for _sputc
    printf3.o(i._printf_core) refers to printf1.o(i.__ARM_common_call_via_r2) for __ARM_common_call_via_r2
    printf3.o(i._printf_core) refers to uidiv.o(.text) for __aeabi_uidivmod
    printf4.o(i.__0fprintf$4) refers to printf4.o(i._printf_core) for _printf_core
    printf4.o(i.__0fprintf$4) refers to retarget.o(.text) for fputc
    printf4.o(i.__0printf$4) refers to printf4.o(i._printf_core) for _printf_core
    printf4.o(i.__0printf$4) refers to retarget.o(.text) for fputc
    printf4.o(i.__0printf$4) refers to retarget.o(.data) for __stdout
    printf4.o(i.__0snprintf$4) refers to printf4.o(i._printf_core) for _printf_core
    printf4.o(i.__0snprintf$4) refers to printf4.o(i._snputc) for _snputc
    printf4.o(i.__0sprintf$4) refers to printf4.o(i._printf_core) for _printf_core
    printf4.o(i.__0sprintf$4) refers to printf4.o(i._sputc) for _sputc
    printf4.o(i.__0vfprintf$4) refers to printf4.o(i._printf_core) for _printf_core
    printf4.o(i.__0vfprintf$4) refers to retarget.o(.text) for fputc
    printf4.o(i.__0vprintf$4) refers to printf4.o(i._printf_core) for _printf_core
    printf4.o(i.__0vprintf$4) refers to retarget.o(.text) for fputc
    printf4.o(i.__0vprintf$4) refers to retarget.o(.data) for __stdout
    printf4.o(i.__0vsnprintf$4) refers to printf4.o(i._printf_core) for _printf_core
    printf4.o(i.__0vsnprintf$4) refers to printf4.o(i._snputc) for _snputc
    printf4.o(i.__0vsprintf$4) refers to printf4.o(i._printf_core) for _printf_core
    printf4.o(i.__0vsprintf$4) refers to printf4.o(i._sputc) for _sputc
    printf4.o(i._printf_core) refers to printf1.o(i.__ARM_common_call_via_r2) for __ARM_common_call_via_r2
    printf4.o(i._printf_core) refers to uldiv.o(.text) for __aeabi_uldivmod
    printf5.o(i.__0fprintf$5) refers to printf5.o(i._printf_core) for _printf_core
    printf5.o(i.__0fprintf$5) refers to retarget.o(.text) for fputc
    printf5.o(i.__0printf$5) refers to printf5.o(i._printf_core) for _printf_core
    printf5.o(i.__0printf$5) refers to retarget.o(.text) for fputc
    printf5.o(i.__0printf$5) refers to retarget.o(.data) for __stdout
    printf5.o(i.__0snprintf$5) refers to printf5.o(i._printf_core) for _printf_core
    printf5.o(i.__0snprintf$5) refers to printf5.o(i._snputc) for _snputc
    printf5.o(i.__0sprintf$5) refers to printf5.o(i._printf_core) for _printf_core
    printf5.o(i.__0sprintf$5) refers to printf5.o(i._sputc) for _sputc
    printf5.o(i.__0vfprintf$5) refers to printf5.o(i._printf_core) for _printf_core
    printf5.o(i.__0vfprintf$5) refers to retarget.o(.text) for fputc
    printf5.o(i.__0vprintf$5) refers to printf5.o(i._printf_core) for _printf_core
    printf5.o(i.__0vprintf$5) refers to retarget.o(.text) for fputc
    printf5.o(i.__0vprintf$5) refers to retarget.o(.data) for __stdout
    printf5.o(i.__0vsnprintf$5) refers to printf5.o(i._printf_core) for _printf_core
    printf5.o(i.__0vsnprintf$5) refers to printf5.o(i._snputc) for _snputc
    printf5.o(i.__0vsprintf$5) refers to printf5.o(i._printf_core) for _printf_core
    printf5.o(i.__0vsprintf$5) refers to printf5.o(i._sputc) for _sputc
    printf5.o(i._printf_core) refers to printf1.o(i.__ARM_common_call_via_r2) for __ARM_common_call_via_r2
    printf5.o(i._printf_core) refers to uldiv.o(.text) for __aeabi_uldivmod
    printf6.o(i.__0fprintf$6) refers to printf6.o(i._printf_core) for _printf_core
    printf6.o(i.__0fprintf$6) refers to retarget.o(.text) for fputc
    printf6.o(i.__0printf$6) refers to printf6.o(i._printf_core) for _printf_core
    printf6.o(i.__0printf$6) refers to retarget.o(.text) for fputc
    printf6.o(i.__0printf$6) refers to retarget.o(.data) for __stdout
    printf6.o(i.__0snprintf$6) refers to printf6.o(i._printf_core) for _printf_core
    printf6.o(i.__0snprintf$6) refers to printf6.o(i._snputc) for _snputc
    printf6.o(i.__0sprintf$6) refers to printf6.o(i._printf_core) for _printf_core
    printf6.o(i.__0sprintf$6) refers to printf6.o(i._sputc) for _sputc
    printf6.o(i.__0vfprintf$6) refers to printf6.o(i._printf_core) for _printf_core
    printf6.o(i.__0vfprintf$6) refers to retarget.o(.text) for fputc
    printf6.o(i.__0vprintf$6) refers to printf6.o(i._printf_core) for _printf_core
    printf6.o(i.__0vprintf$6) refers to retarget.o(.text) for fputc
    printf6.o(i.__0vprintf$6) refers to retarget.o(.data) for __stdout
    printf6.o(i.__0vsnprintf$6) refers to printf6.o(i._printf_core) for _printf_core
    printf6.o(i.__0vsnprintf$6) refers to printf6.o(i._snputc) for _snputc
    printf6.o(i.__0vsprintf$6) refers to printf6.o(i._printf_core) for _printf_core
    printf6.o(i.__0vsprintf$6) refers to printf6.o(i._sputc) for _sputc
    printf6.o(i._printf_core) refers to printf1.o(i.__ARM_common_call_via_r2) for __ARM_common_call_via_r2
    printf6.o(i._printf_core) refers to printf6.o(i._printf_pre_padding) for _printf_pre_padding
    printf6.o(i._printf_core) refers to printf6.o(i._printf_post_padding) for _printf_post_padding
    printf6.o(i._printf_core) refers to uidiv.o(.text) for __aeabi_uidivmod
    printf6.o(i._printf_post_padding) refers to printfb.o(i.__ARM_common_call_via_r6) for __ARM_common_call_via_r6
    printf6.o(i._printf_pre_padding) refers to printfb.o(i.__ARM_common_call_via_r6) for __ARM_common_call_via_r6
    printf7.o(i.__0fprintf$7) refers to printf7.o(i._printf_core) for _printf_core
    printf7.o(i.__0fprintf$7) refers to retarget.o(.text) for fputc
    printf7.o(i.__0printf$7) refers to printf7.o(i._printf_core) for _printf_core
    printf7.o(i.__0printf$7) refers to retarget.o(.text) for fputc
    printf7.o(i.__0printf$7) refers to retarget.o(.data) for __stdout
    printf7.o(i.__0snprintf$7) refers to printf7.o(i._printf_core) for _printf_core
    printf7.o(i.__0snprintf$7) refers to printf7.o(i._snputc) for _snputc
    printf7.o(i.__0sprintf$7) refers to printf7.o(i._printf_core) for _printf_core
    printf7.o(i.__0sprintf$7) refers to printf7.o(i._sputc) for _sputc
    printf7.o(i.__0vfprintf$7) refers to printf7.o(i._printf_core) for _printf_core
    printf7.o(i.__0vfprintf$7) refers to retarget.o(.text) for fputc
    printf7.o(i.__0vprintf$7) refers to printf7.o(i._printf_core) for _printf_core
    printf7.o(i.__0vprintf$7) refers to retarget.o(.text) for fputc
    printf7.o(i.__0vprintf$7) refers to retarget.o(.data) for __stdout
    printf7.o(i.__0vsnprintf$7) refers to printf7.o(i._printf_core) for _printf_core
    printf7.o(i.__0vsnprintf$7) refers to printf7.o(i._snputc) for _snputc
    printf7.o(i.__0vsprintf$7) refers to printf7.o(i._printf_core) for _printf_core
    printf7.o(i.__0vsprintf$7) refers to printf7.o(i._sputc) for _sputc
    printf7.o(i._printf_core) refers to printf1.o(i.__ARM_common_call_via_r2) for __ARM_common_call_via_r2
    printf7.o(i._printf_core) refers to printf7.o(i._printf_pre_padding) for _printf_pre_padding
    printf7.o(i._printf_core) refers to printf7.o(i._printf_post_padding) for _printf_post_padding
    printf7.o(i._printf_core) refers to uldiv.o(.text) for __aeabi_uldivmod
    printf7.o(i._printf_post_padding) refers to printfb.o(i.__ARM_common_call_via_r6) for __ARM_common_call_via_r6
    printf7.o(i._printf_pre_padding) refers to printfb.o(i.__ARM_common_call_via_r6) for __ARM_common_call_via_r6
    printf8.o(i.__0fprintf$8) refers to printf8.o(i._printf_core) for _printf_core
    printf8.o(i.__0fprintf$8) refers to retarget.o(.text) for fputc
    printf8.o(i.__0printf$8) refers to printf8.o(i._printf_core) for _printf_core
    printf8.o(i.__0printf$8) refers to retarget.o(.text) for fputc
    printf8.o(i.__0printf$8) refers to retarget.o(.data) for __stdout
    printf8.o(i.__0snprintf$8) refers to printf8.o(i._printf_core) for _printf_core
    printf8.o(i.__0snprintf$8) refers to printf8.o(i._snputc) for _snputc
    printf8.o(i.__0sprintf$8) refers to printf8.o(i._printf_core) for _printf_core
    printf8.o(i.__0sprintf$8) refers to printf8.o(i._sputc) for _sputc
    printf8.o(i.__0vfprintf$8) refers to printf8.o(i._printf_core) for _printf_core
    printf8.o(i.__0vfprintf$8) refers to retarget.o(.text) for fputc
    printf8.o(i.__0vprintf$8) refers to printf8.o(i._printf_core) for _printf_core
    printf8.o(i.__0vprintf$8) refers to retarget.o(.text) for fputc
    printf8.o(i.__0vprintf$8) refers to retarget.o(.data) for __stdout
    printf8.o(i.__0vsnprintf$8) refers to printf8.o(i._printf_core) for _printf_core
    printf8.o(i.__0vsnprintf$8) refers to printf8.o(i._snputc) for _snputc
    printf8.o(i.__0vsprintf$8) refers to printf8.o(i._printf_core) for _printf_core
    printf8.o(i.__0vsprintf$8) refers to printf8.o(i._sputc) for _sputc
    printf8.o(i._printf_core) refers to printf1.o(i.__ARM_common_call_via_r2) for __ARM_common_call_via_r2
    printf8.o(i._printf_core) refers to printf8.o(i._printf_pre_padding) for _printf_pre_padding
    printf8.o(i._printf_core) refers to printf8.o(i._printf_post_padding) for _printf_post_padding
    printf8.o(i._printf_core) refers to uldiv.o(.text) for __aeabi_uldivmod
    printf8.o(i._printf_post_padding) refers to printfb.o(i.__ARM_common_call_via_r6) for __ARM_common_call_via_r6
    printf8.o(i._printf_pre_padding) refers to printfb.o(i.__ARM_common_call_via_r6) for __ARM_common_call_via_r6
    printfa.o(i.__0fprintf) refers (Special) to iusefp.o(.text) for __I$use$fp
    printfa.o(i.__0fprintf) refers to printfa.o(i._printf_core) for _printf_core
    printfa.o(i.__0fprintf) refers to retarget.o(.text) for fputc
    printfa.o(i.__0printf) refers (Special) to iusefp.o(.text) for __I$use$fp
    printfa.o(i.__0printf) refers to printfa.o(i._printf_core) for _printf_core
    printfa.o(i.__0printf) refers to retarget.o(.text) for fputc
    printfa.o(i.__0printf) refers to retarget.o(.data) for __stdout
    printfa.o(i.__0snprintf) refers (Special) to iusefp.o(.text) for __I$use$fp
    printfa.o(i.__0snprintf) refers to printfa.o(i._printf_core) for _printf_core
    printfa.o(i.__0snprintf) refers to printfa.o(i._snputc) for _snputc
    printfa.o(i.__0sprintf) refers (Special) to iusefp.o(.text) for __I$use$fp
    printfa.o(i.__0sprintf) refers to printfa.o(i._printf_core) for _printf_core
    printfa.o(i.__0sprintf) refers to printfa.o(i._sputc) for _sputc
    printfa.o(i.__0vfprintf) refers (Special) to iusefp.o(.text) for __I$use$fp
    printfa.o(i.__0vfprintf) refers to printfa.o(i._printf_core) for _printf_core
    printfa.o(i.__0vfprintf) refers to retarget.o(.text) for fputc
    printfa.o(i.__0vprintf) refers (Special) to iusefp.o(.text) for __I$use$fp
    printfa.o(i.__0vprintf) refers to printfa.o(i._printf_core) for _printf_core
    printfa.o(i.__0vprintf) refers to retarget.o(.text) for fputc
    printfa.o(i.__0vprintf) refers to retarget.o(.data) for __stdout
    printfa.o(i.__0vsnprintf) refers (Special) to iusefp.o(.text) for __I$use$fp
    printfa.o(i.__0vsnprintf) refers to printfa.o(i._printf_core) for _printf_core
    printfa.o(i.__0vsnprintf) refers to printfa.o(i._snputc) for _snputc
    printfa.o(i.__0vsprintf) refers (Special) to iusefp.o(.text) for __I$use$fp
    printfa.o(i.__0vsprintf) refers to printfa.o(i._printf_core) for _printf_core
    printfa.o(i.__0vsprintf) refers to printfa.o(i._sputc) for _sputc
    printfa.o(i._fp_digits) refers (Special) to iusefp.o(.text) for __I$use$fp
    printfa.o(i._fp_digits) refers to dmul.o(.text) for __aeabi_dmul
    printfa.o(i._fp_digits) refers to ddiv.o(.text) for __aeabi_ddiv
    printfa.o(i._fp_digits) refers to cdrcmple.o(.text) for __aeabi_cdrcmple
    printfa.o(i._fp_digits) refers to dadd.o(.text) for __aeabi_dadd
    printfa.o(i._fp_digits) refers to dfixul.o(.text) for __aeabi_d2ulz
    printfa.o(i._fp_digits) refers to uldiv.o(.text) for __aeabi_uldivmod
    printfa.o(i._printf_core) refers (Special) to iusefp.o(.text) for __I$use$fp
    printfa.o(i._printf_core) refers to printf1.o(i.__ARM_common_call_via_r2) for __ARM_common_call_via_r2
    printfa.o(i._printf_core) refers to printfa.o(i._printf_pre_padding) for _printf_pre_padding
    printfa.o(i._printf_core) refers to uldiv.o(.text) for __aeabi_uldivmod
    printfa.o(i._printf_core) refers to printfa.o(i._printf_post_padding) for _printf_post_padding
    printfa.o(i._printf_core) refers to printfa.o(i._fp_digits) for _fp_digits
    printfa.o(i._printf_core) refers to uidiv.o(.text) for __aeabi_uidivmod
    printfa.o(i._printf_post_padding) refers (Special) to iusefp.o(.text) for __I$use$fp
    printfa.o(i._printf_post_padding) refers to printfb.o(i.__ARM_common_call_via_r6) for __ARM_common_call_via_r6
    printfa.o(i._printf_pre_padding) refers (Special) to iusefp.o(.text) for __I$use$fp
    printfa.o(i._printf_pre_padding) refers to printfb.o(i.__ARM_common_call_via_r6) for __ARM_common_call_via_r6
    printfa.o(i._snputc) refers (Special) to iusefp.o(.text) for __I$use$fp
    printfa.o(i._sputc) refers (Special) to iusefp.o(.text) for __I$use$fp
    entry2.o(.ARM.Collect$$$$00000001) refers to entry2.o(.ARM.Collect$$$$00002712) for __lit__00000000
    entry2.o(.ARM.Collect$$$$00002712) refers to startup.o(STACK) for __initial_sp
    entry5.o(.ARM.Collect$$$$00000004) refers to init.o(.text) for __scatterload
    entry9a.o(.ARM.Collect$$$$0000000B) refers to main.o(.text) for main
    entry9b.o(.ARM.Collect$$$$0000000C) refers to main.o(.text) for main
    uldiv.o(.text) refers to llushr.o(.text) for __aeabi_llsr
    uldiv.o(.text) refers to llshl.o(.text) for __aeabi_llsl
    dadd.o(.text) refers to llshl.o(.text) for __aeabi_llsl
    dadd.o(.text) refers to llsshr.o(.text) for __aeabi_lasr
    dadd.o(.text) refers to depilogue.o(.text) for _double_epilogue
    dmul.o(.text) refers to depilogue.o(.text) for _double_epilogue
    ddiv.o(.text) refers to depilogue.o(.text) for _double_round
    dfixul.o(.text) refers to llushr.o(.text) for __aeabi_llsr
    dfixul.o(.text) refers to llshl.o(.text) for __aeabi_llsl
    init.o(.text) refers to init.o(i.__ARM_common_call_via_r3) for __ARM_common_call_via_r3
    init.o(.text) refers to entry5.o(.ARM.Collect$$$$00000004) for __main_after_scatterload
    depilogue.o(.text) refers to depilogue.o(i.__ARM_clz) for __ARM_clz
    depilogue.o(.text) refers to llshl.o(.text) for __aeabi_llsl
    depilogue.o(.text) refers to llushr.o(.text) for __aeabi_llsr


==============================================================================

Removing Unused input sections from the image.

    Removing startup.o(HEAP), (2048 bytes).
    Removing led.o(.text), (108 bytes).
    Removing qmbsp.o(.constdata), (12 bytes).
    Removing alarm.o(.constdata), (12 bytes).
    Removing qfsm_dis.o(.text), (156 bytes).
    Removing qfsm_dis.o(.constdata), (9 bytes).
    Removing qfsm_ini.o(.text), (180 bytes).
    Removing qfsm_ini.o(.constdata), (20 bytes).
    Removing qhsm_in.o(.text), (136 bytes).
    Removing qhsm_in.o(.constdata), (8 bytes).
    Removing qmsm_dis.o(.text), (908 bytes).
    Removing qmsm_dis.o(.constdata), (9 bytes).
    Removing qmsm_in.o(.text), (56 bytes).
    Removing qmsm_ini.o(.text), (200 bytes).
    Removing qmsm_ini.o(.constdata), (40 bytes).
    Removing qa_defer.o(.text), (184 bytes).
    Removing qa_defer.o(.constdata), (9 bytes).
    Removing qa_sub.o(.text), (180 bytes).
    Removing qa_sub.o(.constdata), (7 bytes).
    Removing qa_usub.o(.text), (180 bytes).
    Removing qa_usub.o(.constdata), (8 bytes).
    Removing qa_usuba.o(.text), (220 bytes).
    Removing qa_usuba.o(.constdata), (9 bytes).
    Removing qeq_fifo.o(.text), (224 bytes).
    Removing qeq_fifo.o(.constdata), (9 bytes).
    Removing qeq_get.o(.text), (164 bytes).
    Removing qeq_get.o(.constdata), (8 bytes).
    Removing qeq_lifo.o(.text), (172 bytes).
    Removing qeq_lifo.o(.constdata), (9 bytes).
    Removing qf_psini.o(.text), (56 bytes).
    Removing qf_psini.o(.data), (8 bytes).
    Removing qf_pspub.o(.text), (244 bytes).
    Removing qf_pspub.o(.constdata), (9 bytes).
    Removing qma_ctor.o(.text), (44 bytes).
    Removing qma_ctor.o(.constdata), (20 bytes).
    Removing qte_ctr.o(.text), (32 bytes).
    Removing qte_rarm.o(.text), (188 bytes).
    Removing qte_rarm.o(.constdata), (9 bytes).
    Removing dadd.o(.text), (360 bytes).
    Removing dmul.o(.text), (212 bytes).
    Removing ddiv.o(.text), (244 bytes).
    Removing dfixul.o(.text), (68 bytes).
    Removing cdrcmple.o(.text), (40 bytes).
    Removing depilogue.o(.text), (196 bytes).
    Removing depilogue.o(i.__ARM_clz), (46 bytes).

45 unused section(s) (total 7061 bytes) removed from the image.

==============================================================================

Adding Veneers to the image

    Adding AT veneer (8 bytes, Inline) for call to '__aeabi_idivmod' from clock.o(.text).
    Adding AT veneer (8 bytes, Inline) for call to '__aeabi_memcpy' from clock.o(.text).
    Adding AT veneer (8 bytes, Inline) for call to '__scatterload' from entry5.o(.ARM.Collect$$$$00000004).
    Adding TA veneer (8 bytes, Short) for call to '__main_after_scatterload' from init.o(.text).
    Adding AT veneer (8 bytes, Inline) for call to '__2fprintf' from qmbsp.o(.text).
    Adding AT veneer (8 bytes, Inline) for call to '__2printf' from qmbsp.o(.text).
    Adding AT veneer (8 bytes, Inline) for call to '__2snprintf' from qmbsp.o(.text).

7 Veneer(s) (total 56 bytes) added to the image.

==============================================================================

Image Symbol Table

    Local Symbols

    Symbol Name                              Value     Ov Type        Size  Object(Section)

    ../clib/microlib/division.c              0x00000000   Number         0  uidiv.o ABSOLUTE
    ../clib/microlib/division.c              0x00000000   Number         0  idiv.o ABSOLUTE
    ../clib/microlib/division.c              0x00000000   Number         0  uldiv.o ABSOLUTE
    ../clib/microlib/init/entry.s            0x00000000   Number         0  entry9b.o ABSOLUTE
    ../clib/microlib/init/entry.s            0x00000000   Number         0  entry9a.o ABSOLUTE
    ../clib/microlib/init/entry.s            0x00000000   Number         0  entry8a.o ABSOLUTE
    ../clib/microlib/init/entry.s            0x00000000   Number         0  entry5.o ABSOLUTE
    ../clib/microlib/init/entry.s            0x00000000   Number         0  entry7b.o ABSOLUTE
    ../clib/microlib/init/entry.s            0x00000000   Number         0  entry10b.o ABSOLUTE
    ../clib/microlib/init/entry.s            0x00000000   Number         0  entry2.o ABSOLUTE
    ../clib/microlib/init/entry.s            0x00000000   Number         0  entry11b.o ABSOLUTE
    ../clib/microlib/init/entry.s            0x00000000   Number         0  entry11a.o ABSOLUTE
    ../clib/microlib/init/entry.s            0x00000000   Number         0  entry7a.o ABSOLUTE
    ../clib/microlib/init/entry.s            0x00000000   Number         0  entry.o ABSOLUTE
    ../clib/microlib/init/entry.s            0x00000000   Number         0  entry10a.o ABSOLUTE
    ../clib/microlib/init/entry.s            0x00000000   Number         0  entry8b.o ABSOLUTE
    ../clib/microlib/longlong.c              0x00000000   Number         0  llshl.o ABSOLUTE
    ../clib/microlib/longlong.c              0x00000000   Number         0  llushr.o ABSOLUTE
    ../clib/microlib/longlong.c              0x00000000   Number         0  llsshr.o ABSOLUTE
    ../clib/microlib/printf/printf.c         0x00000000   Number         0  printf0.o ABSOLUTE
    ../clib/microlib/printf/printf.c         0x00000000   Number         0  printf6.o ABSOLUTE
    ../clib/microlib/printf/printf.c         0x00000000   Number         0  printf7.o ABSOLUTE
    ../clib/microlib/printf/printf.c         0x00000000   Number         0  printf3.o ABSOLUTE
    ../clib/microlib/printf/printf.c         0x00000000   Number         0  printfb.o ABSOLUTE
    ../clib/microlib/printf/printf.c         0x00000000   Number         0  printf8.o ABSOLUTE
    ../clib/microlib/printf/printf.c         0x00000000   Number         0  printf1.o ABSOLUTE
    ../clib/microlib/printf/printf.c         0x00000000   Number         0  printf5.o ABSOLUTE
    ../clib/microlib/printf/printf.c         0x00000000   Number         0  printf4.o ABSOLUTE
    ../clib/microlib/printf/printf.c         0x00000000   Number         0  printfa.o ABSOLUTE
    ../clib/microlib/printf/printf.c         0x00000000   Number         0  printf2.o ABSOLUTE
    ../clib/microlib/printf/stubs.s          0x00000000   Number         0  stubs.o ABSOLUTE
    ../clib/microlib/string/memcpy.c         0x00000000   Number         0  memcpyb.o ABSOLUTE
    ../clib/microlib/string/memcpy.c         0x00000000   Number         0  memcpya.o ABSOLUTE
    ../clib/microlib/stubs.s                 0x00000000   Number         0  iusefp.o ABSOLUTE
    ../clib/microlib/stubs.s                 0x00000000   Number         0  useno.o ABSOLUTE
    ../fplib/microlib/fpadd.c                0x00000000   Number         0  dadd.o ABSOLUTE
    ../fplib/microlib/fpdiv.c                0x00000000   Number         0  ddiv.o ABSOLUTE
    ../fplib/microlib/fpepilogue.c           0x00000000   Number         0  depilogue.o ABSOLUTE
    ../fplib/microlib/fpfix.c                0x00000000   Number         0  dfixul.o ABSOLUTE
    ../fplib/microlib/fpmul.c                0x00000000   Number         0  dmul.o ABSOLUTE
    ..\..\..\..\..\..\..\Frameworks\Quantum\qpc_5.3.1\qpc\qep\source\qep.c 0x00000000   Number         0  qep.o ABSOLUTE
    ..\..\..\..\..\..\..\Frameworks\Quantum\qpc_5.3.1\qpc\qep\source\qfsm_dis.c 0x00000000   Number         0  qfsm_dis.o ABSOLUTE
    ..\..\..\..\..\..\..\Frameworks\Quantum\qpc_5.3.1\qpc\qep\source\qfsm_ini.c 0x00000000   Number         0  qfsm_ini.o ABSOLUTE
    ..\..\..\..\..\..\..\Frameworks\Quantum\qpc_5.3.1\qpc\qep\source\qhsm_dis.c 0x00000000   Number         0  qhsm_dis.o ABSOLUTE
    ..\..\..\..\..\..\..\Frameworks\Quantum\qpc_5.3.1\qpc\qep\source\qhsm_in.c 0x00000000   Number         0  qhsm_in.o ABSOLUTE
    ..\..\..\..\..\..\..\Frameworks\Quantum\qpc_5.3.1\qpc\qep\source\qhsm_ini.c 0x00000000   Number         0  qhsm_ini.o ABSOLUTE
    ..\..\..\..\..\..\..\Frameworks\Quantum\qpc_5.3.1\qpc\qep\source\qhsm_top.c 0x00000000   Number         0  qhsm_top.o ABSOLUTE
    ..\..\..\..\..\..\..\Frameworks\Quantum\qpc_5.3.1\qpc\qep\source\qmsm_dis.c 0x00000000   Number         0  qmsm_dis.o ABSOLUTE
    ..\..\..\..\..\..\..\Frameworks\Quantum\qpc_5.3.1\qpc\qep\source\qmsm_in.c 0x00000000   Number         0  qmsm_in.o ABSOLUTE
    ..\..\..\..\..\..\..\Frameworks\Quantum\qpc_5.3.1\qpc\qep\source\qmsm_ini.c 0x00000000   Number         0  qmsm_ini.o ABSOLUTE
    ..\..\..\..\..\..\..\Frameworks\Quantum\qpc_5.3.1\qpc\qf\source\qa_ctor.c 0x00000000   Number         0  qa_ctor.o ABSOLUTE
    ..\..\..\..\..\..\..\Frameworks\Quantum\qpc_5.3.1\qpc\qf\source\qa_defer.c 0x00000000   Number         0  qa_defer.o ABSOLUTE
    ..\..\..\..\..\..\..\Frameworks\Quantum\qpc_5.3.1\qpc\qf\source\qa_fifo.c 0x00000000   Number         0  qa_fifo.o ABSOLUTE
    ..\..\..\..\..\..\..\Frameworks\Quantum\qpc_5.3.1\qpc\qf\source\qa_get_.c 0x00000000   Number         0  qa_get_.o ABSOLUTE
    ..\..\..\..\..\..\..\Frameworks\Quantum\qpc_5.3.1\qpc\qf\source\qa_lifo.c 0x00000000   Number         0  qa_lifo.o ABSOLUTE
    ..\..\..\..\..\..\..\Frameworks\Quantum\qpc_5.3.1\qpc\qf\source\qa_sub.c 0x00000000   Number         0  qa_sub.o ABSOLUTE
    ..\..\..\..\..\..\..\Frameworks\Quantum\qpc_5.3.1\qpc\qf\source\qa_usub.c 0x00000000   Number         0  qa_usub.o ABSOLUTE
    ..\..\..\..\..\..\..\Frameworks\Quantum\qpc_5.3.1\qpc\qf\source\qa_usuba.c 0x00000000   Number         0  qa_usuba.o ABSOLUTE
    ..\..\..\..\..\..\..\Frameworks\Quantum\qpc_5.3.1\qpc\qf\source\qeq_fifo.c 0x00000000   Number         0  qeq_fifo.o ABSOLUTE
    ..\..\..\..\..\..\..\Frameworks\Quantum\qpc_5.3.1\qpc\qf\source\qeq_get.c 0x00000000   Number         0  qeq_get.o ABSOLUTE
    ..\..\..\..\..\..\..\Frameworks\Quantum\qpc_5.3.1\qpc\qf\source\qeq_init.c 0x00000000   Number         0  qeq_init.o ABSOLUTE
    ..\..\..\..\..\..\..\Frameworks\Quantum\qpc_5.3.1\qpc\qf\source\qeq_lifo.c 0x00000000   Number         0  qeq_lifo.o ABSOLUTE
    ..\..\..\..\..\..\..\Frameworks\Quantum\qpc_5.3.1\qpc\qf\source\qf_act.c 0x00000000   Number         0  qf_act.o ABSOLUTE
    ..\..\..\..\..\..\..\Frameworks\Quantum\qpc_5.3.1\qpc\qf\source\qf_gc.c 0x00000000   Number         0  qf_gc.o ABSOLUTE
    ..\..\..\..\..\..\..\Frameworks\Quantum\qpc_5.3.1\qpc\qf\source\qf_log2.c 0x00000000   Number         0  qf_log2.o ABSOLUTE
    ..\..\..\..\..\..\..\Frameworks\Quantum\qpc_5.3.1\qpc\qf\source\qf_new.c 0x00000000   Number         0  qf_new.o ABSOLUTE
    ..\..\..\..\..\..\..\Frameworks\Quantum\qpc_5.3.1\qpc\qf\source\qf_pool.c 0x00000000   Number         0  qf_pool.o ABSOLUTE
    ..\..\..\..\..\..\..\Frameworks\Quantum\qpc_5.3.1\qpc\qf\source\qf_psini.c 0x00000000   Number         0  qf_psini.o ABSOLUTE
    ..\..\..\..\..\..\..\Frameworks\Quantum\qpc_5.3.1\qpc\qf\source\qf_pspub.c 0x00000000   Number         0  qf_pspub.o ABSOLUTE
    ..\..\..\..\..\..\..\Frameworks\Quantum\qpc_5.3.1\qpc\qf\source\qf_pwr2.c 0x00000000   Number         0  qf_pwr2.o ABSOLUTE
    ..\..\..\..\..\..\..\Frameworks\Quantum\qpc_5.3.1\qpc\qf\source\qf_tick.c 0x00000000   Number         0  qf_tick.o ABSOLUTE
    ..\..\..\..\..\..\..\Frameworks\Quantum\qpc_5.3.1\qpc\qf\source\qma_ctor.c 0x00000000   Number         0  qma_ctor.o ABSOLUTE
    ..\..\..\..\..\..\..\Frameworks\Quantum\qpc_5.3.1\qpc\qf\source\qmp_get.c 0x00000000   Number         0  qmp_get.o ABSOLUTE
    ..\..\..\..\..\..\..\Frameworks\Quantum\qpc_5.3.1\qpc\qf\source\qmp_init.c 0x00000000   Number         0  qmp_init.o ABSOLUTE
    ..\..\..\..\..\..\..\Frameworks\Quantum\qpc_5.3.1\qpc\qf\source\qmp_put.c 0x00000000   Number         0  qmp_put.o ABSOLUTE
    ..\..\..\..\..\..\..\Frameworks\Quantum\qpc_5.3.1\qpc\qf\source\qte_arm.c 0x00000000   Number         0  qte_arm.o ABSOLUTE
    ..\..\..\..\..\..\..\Frameworks\Quantum\qpc_5.3.1\qpc\qf\source\qte_ctor.c 0x00000000   Number         0  qte_ctor.o ABSOLUTE
    ..\..\..\..\..\..\..\Frameworks\Quantum\qpc_5.3.1\qpc\qf\source\qte_ctr.c 0x00000000   Number         0  qte_ctr.o ABSOLUTE
    ..\..\..\..\..\..\..\Frameworks\Quantum\qpc_5.3.1\qpc\qf\source\qte_darm.c 0x00000000   Number         0  qte_darm.o ABSOLUTE
    ..\..\..\..\..\..\..\Frameworks\Quantum\qpc_5.3.1\qpc\qf\source\qte_rarm.c 0x00000000   Number         0  qte_rarm.o ABSOLUTE
    ..\..\..\..\..\..\..\Frameworks\Quantum\qpc_5.3.1\qpc\qf\source\qvanilla.c 0x00000000   Number         0  qvanilla.o ABSOLUTE
    bsp\LCD_4bit.c                           0x00000000   Number         0  lcd_4bit.o ABSOLUTE
    bsp\Serial.c                             0x00000000   Number         0  serial.o ABSOLUTE
    bsp\adc.c                                0x00000000   Number         0  adc.o ABSOLUTE
    bsp\button.c                             0x00000000   Number         0  button.o ABSOLUTE
    bsp\lc2378rtc.c                          0x00000000   Number         0  lc2378rtc.o ABSOLUTE
    bsp\led.c                                0x00000000   Number         0  led.o ABSOLUTE
    bsp\timer.c                              0x00000000   Number         0  timer.o ABSOLUTE
    cdrcmple.s                               0x00000000   Number         0  cdrcmple.o ABSOLUTE
    dc.s                                     0x00000000   Number         0  dc.o ABSOLUTE
    handlers.s                               0x00000000   Number         0  handlers.o ABSOLUTE
    init.s                                   0x00000000   Number         0  init.o ABSOLUTE
    src\Retarget.c                           0x00000000   Number         0  retarget.o ABSOLUTE
    src\alarm.c                              0x00000000   Number         0  alarm.o ABSOLUTE
    src\clock.c                              0x00000000   Number         0  clock.o ABSOLUTE
    src\main.c                               0x00000000   Number         0  main.o ABSOLUTE
    src\qmbsp.c                              0x00000000   Number         0  qmbsp.o ABSOLUTE
    src\startup.s                            0x00000000   Number         0  startup.o ABSOLUTE
    src\swi_interrup.s                       0x00000000   Number         0  swi_interrup.o ABSOLUTE
    RESET                                    0x40000000   Section      372  startup.o(RESET)
    Undef_Handler                            0x40000040   ARM Code       4  startup.o(RESET)
    SWI_Handler                              0x40000044   ARM Code       4  startup.o(RESET)
    PAbt_Handler                             0x40000048   ARM Code       4  startup.o(RESET)
    DAbt_Handler                             0x4000004c   ARM Code       4  startup.o(RESET)
    IRQ_Handler                              0x40000050   ARM Code       4  startup.o(RESET)
    FIQ_Handler                              0x40000054   ARM Code       4  startup.o(RESET)
    .ARM.Collect$$$$00000000                 0x40000174   Section        0  entry.o(.ARM.Collect$$$$00000000)
    .ARM.Collect$$$$00000001                 0x40000174   Section        4  entry2.o(.ARM.Collect$$$$00000001)
    .ARM.Collect$$$$00000004                 0x40000178   Section        4  entry5.o(.ARM.Collect$$$$00000004)
    .ARM.Collect$$$$00000008                 0x4000017c   Section        0  entry7b.o(.ARM.Collect$$$$00000008)
    .ARM.Collect$$$$0000000A                 0x4000017c   Section        0  entry8b.o(.ARM.Collect$$$$0000000A)
    .ARM.Collect$$$$0000000B                 0x4000017c   Section       12  entry9a.o(.ARM.Collect$$$$0000000B)
    .ARM.Collect$$$$0000000D                 0x40000188   Section        0  entry10a.o(.ARM.Collect$$$$0000000D)
    .ARM.Collect$$$$0000000F                 0x40000188   Section        0  entry11a.o(.ARM.Collect$$$$0000000F)
    .ARM.Collect$$$$00002712                 0x40000188   Section        4  entry2.o(.ARM.Collect$$$$00002712)
    __lit__00000000                          0x40000188   Data           4  entry2.o(.ARM.Collect$$$$00002712)
    .text                                    0x4000018c   Section        0  retarget.o(.text)
    .text                                    0x400001fc   Section        0  lcd_4bit.o(.text)
    delay                                    0x400001fc   ARM Code      24  lcd_4bit.o(.text)
    lcd_read_status                          0x40000214   ARM Code     188  lcd_4bit.o(.text)
    wait_while_busy                          0x400002d0   ARM Code      32  lcd_4bit.o(.text)
    lcd_write_data                           0x40000374   ARM Code      48  lcd_4bit.o(.text)
    .text                                    0x400004f8   Section        0  serial.o(.text)
    .text                                    0x400006a0   Section        0  timer.o(.text)
    .text                                    0x400007b4   Section        0  button.o(.text)
    .text                                    0x40000958   Section        0  lc2378rtc.o(.text)
    .text                                    0x40000b74   Section        0  adc.o(.text)
    .text                                    0x40000c9c   Section        0  qmbsp.o(.text)
    .text                                    0x40000df8   Section        0  alarm.o(.text)
    .text                                    0x40000f3c   Section        0  clock.o(.text)
    .text                                    0x40001544   Section        0  main.o(.text)
    .text                                    0x400015d8   Section        0  qhsm_dis.o(.text)
    QHsm_tran_                               0x400015d8   ARM Code     576  qhsm_dis.o(.text)
    .text                                    0x40001a10   Section        0  qhsm_ini.o(.text)
    .text                                    0x40001b8c   Section        0  qhsm_top.o(.text)
    .text                                    0x40001b98   Section        0  qa_ctor.o(.text)
    .text                                    0x40001bc4   Section        0  qa_fifo.o(.text)
    .text                                    0x40001cd4   Section        0  qa_get_.o(.text)
    .text                                    0x40001e04   Section        0  qa_lifo.o(.text)
    .text                                    0x40001edc   Section        0  qeq_init.o(.text)
    .text                                    0x40001f08   Section        0  qf_act.o(.text)
    .text                                    0x40001fe0   Section        0  qf_gc.o(.text)
    .text                                    0x40002070   Section        0  qf_new.o(.text)
    .text                                    0x40002144   Section        0  qf_pool.o(.text)
    .text                                    0x40002204   Section        0  qf_tick.o(.text)
    .text                                    0x400023ac   Section        0  qmp_get.o(.text)
    .text                                    0x400024ec   Section        0  qmp_init.o(.text)
    .text                                    0x400025ec   Section        0  qmp_put.o(.text)
    .text                                    0x40002660   Section        0  qte_arm.o(.text)
    .text                                    0x40002714   Section        0  qte_ctor.o(.text)
    .text                                    0x40002774   Section        0  qte_darm.o(.text)
    .text                                    0x400027b0   Section        0  qvanilla.o(.text)
    .text                                    0x40002938   Section        0  idiv.o(.text)
    .text                                    0x4000296c   Section        0  memcpya.o(.text)
    .text                                    0x40002990   Section        0  uidiv.o(.text)
    .text                                    0x400029c8   Section       32  init.o(.text)
    SWI_Area                                 0x400029e8   Section      100  swi_interrup.o(SWI_Area)
    i.__0fprintf$6                           0x40002a5c   Section        0  printf6.o(i.__0fprintf$6)
    i.__0printf$6                            0x40002a80   Section        0  printf6.o(i.__0printf$6)
    i.__0snprintf$6                          0x40002aa8   Section        0  printf6.o(i.__0snprintf$6)
    i.__ARM_common_call_via_r2               0x40002ad4   Section        0  printf1.o(i.__ARM_common_call_via_r2)
    i.__ARM_common_call_via_r3               0x40002ad6   Section        2  init.o(i.__ARM_common_call_via_r3)
    i.__ARM_common_call_via_r6               0x40002ad8   Section        0  printfb.o(i.__ARM_common_call_via_r6)
    i.__scatterload_copy                     0x40002adc   Section       28  handlers.o(i.__scatterload_copy)
    i.__scatterload_null                     0x40002af8   Section        4  handlers.o(i.__scatterload_null)
    i.__scatterload_zeroinit                 0x40002afc   Section       24  handlers.o(i.__scatterload_zeroinit)
    i._printf_core                           0x40002b14   Section        0  printf6.o(i._printf_core)
    _printf_core                             0x40002b15   Thumb Code   792  printf6.o(i._printf_core)
    i._printf_post_padding                   0x40002e30   Section        0  printf6.o(i._printf_post_padding)
    _printf_post_padding                     0x40002e31   Thumb Code    38  printf6.o(i._printf_post_padding)
    i._printf_pre_padding                    0x40002e56   Section        0  printf6.o(i._printf_pre_padding)
    _printf_pre_padding                      0x40002e57   Thumb Code    50  printf6.o(i._printf_pre_padding)
    i._snputc                                0x40002e88   Section        0  printf6.o(i._snputc)
    _snputc                                  0x40002e89   Thumb Code    22  printf6.o(i._snputc)
    .constdata                               0x40002e9e   Section       64  lcd_4bit.o(.constdata)
    .constdata                               0x40002ee0   Section       16  clock.o(.constdata)
    Q_this_module_                           0x40002ee0   Data          12  clock.o(.constdata)
    .constdata                               0x40002ef0   Section       16  qep.o(.constdata)
    .constdata                               0x40002f00   Section        9  qhsm_dis.o(.constdata)
    Q_this_module_                           0x40002f00   Data           9  qhsm_dis.o(.constdata)
    .constdata                               0x40002f0c   Section       20  qhsm_ini.o(.constdata)
    Q_this_module_                           0x40002f0c   Data           9  qhsm_ini.o(.constdata)
    vtbl                                     0x40002f18   Data           8  qhsm_ini.o(.constdata)
    .constdata                               0x40002f20   Section       20  qa_ctor.o(.constdata)
    vtbl                                     0x40002f20   Data          20  qa_ctor.o(.constdata)
    .constdata                               0x40002f34   Section        8  qa_fifo.o(.constdata)
    Q_this_module_                           0x40002f34   Data           8  qa_fifo.o(.constdata)
    .constdata                               0x40002f3c   Section        8  qa_get_.o(.constdata)
    Q_this_module_                           0x40002f3c   Data           8  qa_get_.o(.constdata)
    .constdata                               0x40002f44   Section        8  qa_lifo.o(.constdata)
    Q_this_module_                           0x40002f44   Data           8  qa_lifo.o(.constdata)
    .constdata                               0x40002f4c   Section        7  qf_act.o(.constdata)
    Q_this_module_                           0x40002f4c   Data           7  qf_act.o(.constdata)
    .constdata                               0x40002f53   Section        6  qf_gc.o(.constdata)
    Q_this_module_                           0x40002f53   Data           6  qf_gc.o(.constdata)
    .constdata                               0x40002f59   Section      256  qf_log2.o(.constdata)
    .constdata                               0x40003059   Section        7  qf_new.o(.constdata)
    Q_this_module_                           0x40003059   Data           7  qf_new.o(.constdata)
    .constdata                               0x40003060   Section        8  qf_pool.o(.constdata)
    Q_this_module_                           0x40003060   Data           8  qf_pool.o(.constdata)
    .constdata                               0x40003068   Section      195  qf_pwr2.o(.constdata)
    .constdata                               0x4000312b   Section        8  qf_tick.o(.constdata)
    Q_this_module_                           0x4000312b   Data           8  qf_tick.o(.constdata)
    .constdata                               0x40003133   Section        8  qmp_get.o(.constdata)
    Q_this_module_                           0x40003133   Data           8  qmp_get.o(.constdata)
    .constdata                               0x4000313b   Section        9  qmp_init.o(.constdata)
    Q_this_module_                           0x4000313b   Data           9  qmp_init.o(.constdata)
    .constdata                               0x40003144   Section        8  qmp_put.o(.constdata)
    Q_this_module_                           0x40003144   Data           8  qmp_put.o(.constdata)
    .constdata                               0x4000314c   Section        8  qte_arm.o(.constdata)
    Q_this_module_                           0x4000314c   Data           8  qte_arm.o(.constdata)
    .constdata                               0x40003154   Section        9  qte_ctor.o(.constdata)
    Q_this_module_                           0x40003154   Data           9  qte_ctor.o(.constdata)
    .constdata                               0x4000315d   Section        9  qvanilla.o(.constdata)
    Q_this_module_                           0x4000315d   Data           9  qvanilla.o(.constdata)
    .conststring                             0x40003168   Section      252  main.o(.conststring)
    .data                                    0x40004000   Section       12  retarget.o(.data)
    .data                                    0x4000400c   Section        8  serial.o(.data)
    keystroke                                0x4000400c   Data           4  serial.o(.data)
    buf                                      0x40004010   Data           4  serial.o(.data)
    .data                                    0x40004014   Section        4  timer.o(.data)
    clk_cntr                                 0x40004014   Data           4  timer.o(.data)
    .data                                    0x40004018   Section       12  button.o(.data)
    event                                    0x4000401c   Data           4  button.o(.data)
    event                                    0x40004020   Data           4  button.o(.data)
    .data                                    0x40004024   Section        1  lc2378rtc.o(.data)
    .data                                    0x40004028   Section       14  adc.o(.data)
    AD_last                                  0x40004028   Data           2  adc.o(.data)
    event                                    0x40004030   Data           6  adc.o(.data)
    .data                                    0x40004038   Section        4  qf_pool.o(.data)
    .data                                    0x4000403c   Section        4  qvanilla.o(.data)
    .bss                                     0x40004040   Section      100  clock.o(.bss)
    l_alarmClock                             0x40004040   Data         100  clock.o(.bss)
    .bss                                     0x400040a4   Section       80  main.o(.bss)
    l_alarmClockQSto                         0x400040a4   Data          40  main.o(.bss)
    l_smlPoolSto                             0x400040cc   Data          40  main.o(.bss)
    .bss                                     0x400040f4   Section       36  qf_act.o(.bss)
    .bss                                     0x40004118   Section       60  qf_pool.o(.bss)
    .bss                                     0x40004154   Section       32  qf_tick.o(.bss)
    STACK                                    0x40004178   Section     1288  startup.o(STACK)
    Stack_Top                                0x40004680   Data           0  startup.o(STACK)

    Global Symbols

    Symbol Name                              Value     Ov Type        Size  Object(Section)

    BuildAttributes$$THM_ISAv1$ARM_ISAv4$S$PE$A:L22$X:L11$S22$IEEE1$IW$USESV6$~STKCKD$USESV7$~SHL$OSPACE$ROPI$EBA8$MICROLIB$REQ8$EABIv2 0x00000000   Number         0  anon$$obj.o ABSOLUTE
    __ARM_use_no_argv                        0x00000000   Number         0  main.o ABSOLUTE
    __use_no_errno                           0x00000000   Number         0  useno.o ABSOLUTE
    __use_no_exception_handling              0x00000000   Number         0  useno.o ABSOLUTE
    __use_no_fp                              0x00000000   Number         0  useno.o ABSOLUTE
    __use_no_heap                            0x00000000   Number         0  useno.o ABSOLUTE
    __use_no_heap_region                     0x00000000   Number         0  useno.o ABSOLUTE
    __use_no_semihosting                     0x00000000   Number         0  useno.o ABSOLUTE
    __use_no_semihosting_swi                 0x00000000   Number         0  useno.o ABSOLUTE
    __use_no_signal_handling                 0x00000000   Number         0  useno.o ABSOLUTE
    _printf_a                                0x00000000   Number         0  stubs.o ABSOLUTE
    _printf_c                                0x00000000   Number         0  stubs.o ABSOLUTE
    _printf_charcount                        0x00000000   Number         0  stubs.o ABSOLUTE
    _printf_d                                0x00000000   Number         0  stubs.o ABSOLUTE
    _printf_e                                0x00000000   Number         0  stubs.o ABSOLUTE
    _printf_f                                0x00000000   Number         0  stubs.o ABSOLUTE
    _printf_flags                            0x00000000   Number         0  stubs.o ABSOLUTE
    _printf_fp_dec                           0x00000000   Number         0  stubs.o ABSOLUTE
    _printf_fp_hex                           0x00000000   Number         0  stubs.o ABSOLUTE
    _printf_g                                0x00000000   Number         0  stubs.o ABSOLUTE
    _printf_i                                0x00000000   Number         0  stubs.o ABSOLUTE
    _printf_int_dec                          0x00000000   Number         0  stubs.o ABSOLUTE
    _printf_l                                0x00000000   Number         0  stubs.o ABSOLUTE
    _printf_lc                               0x00000000   Number         0  stubs.o ABSOLUTE
    _printf_ll                               0x00000000   Number         0  stubs.o ABSOLUTE
    _printf_lld                              0x00000000   Number         0  stubs.o ABSOLUTE
    _printf_lli                              0x00000000   Number         0  stubs.o ABSOLUTE
    _printf_llo                              0x00000000   Number         0  stubs.o ABSOLUTE
    _printf_llu                              0x00000000   Number         0  stubs.o ABSOLUTE
    _printf_llx                              0x00000000   Number         0  stubs.o ABSOLUTE
    _printf_longlong_dec                     0x00000000   Number         0  stubs.o ABSOLUTE
    _printf_longlong_hex                     0x00000000   Number         0  stubs.o ABSOLUTE
    _printf_longlong_oct                     0x00000000   Number         0  stubs.o ABSOLUTE
    _printf_ls                               0x00000000   Number         0  stubs.o ABSOLUTE
    _printf_mbtowc                           0x00000000   Number         0  stubs.o ABSOLUTE
    _printf_n                                0x00000000   Number         0  stubs.o ABSOLUTE
    _printf_o                                0x00000000   Number         0  stubs.o ABSOLUTE
    _printf_p                                0x00000000   Number         0  stubs.o ABSOLUTE
    _printf_percent                          0x00000000   Number         0  stubs.o ABSOLUTE
    _printf_pre_padding                      0x00000000   Number         0  stubs.o ABSOLUTE
    _printf_return_value                     0x00000000   Number         0  stubs.o ABSOLUTE
    _printf_s                                0x00000000   Number         0  stubs.o ABSOLUTE
    _printf_sizespec                         0x00000000   Number         0  stubs.o ABSOLUTE
    _printf_str                              0x00000000   Number         0  stubs.o ABSOLUTE
    _printf_truncate_signed                  0x00000000   Number         0  stubs.o ABSOLUTE
    _printf_truncate_unsigned                0x00000000   Number         0  stubs.o ABSOLUTE
    _printf_u                                0x00000000   Number         0  stubs.o ABSOLUTE
    _printf_wc                               0x00000000   Number         0  stubs.o ABSOLUTE
    _printf_wctomb                           0x00000000   Number         0  stubs.o ABSOLUTE
    _printf_widthprec                        0x00000000   Number         0  stubs.o ABSOLUTE
    _printf_x                                0x00000000   Number         0  stubs.o ABSOLUTE
    __cpp_initialize__aeabi_                  - Undefined Weak Reference
    __cxa_finalize                            - Undefined Weak Reference
    __decompress                              - Undefined Weak Reference
    _clock_init                               - Undefined Weak Reference
    _microlib_exit                            - Undefined Weak Reference
    Reset_Handler                            0x40000058   ARM Code       0  startup.o(RESET)
    __main                                   0x40000174   ARM Code       0  entry.o(.ARM.Collect$$$$00000000)
    _main_stk                                0x40000174   ARM Code       0  entry2.o(.ARM.Collect$$$$00000001)
    _main_scatterload                        0x40000178   ARM Code       0  entry5.o(.ARM.Collect$$$$00000004)
    __main_after_scatterload                 0x4000017c   ARM Code       0  entry5.o(.ARM.Collect$$$$00000004)
    _main_clock                              0x4000017c   ARM Code       0  entry7b.o(.ARM.Collect$$$$00000008)
    _main_cpp_init                           0x4000017c   ARM Code       0  entry8b.o(.ARM.Collect$$$$0000000A)
    _main_init                               0x4000017c   ARM Code       0  entry9a.o(.ARM.Collect$$$$0000000B)
    __rt_final_cpp                           0x40000188   ARM Code       0  entry10a.o(.ARM.Collect$$$$0000000D)
    __rt_final_exit                          0x40000188   ARM Code       0  entry11a.o(.ARM.Collect$$$$0000000F)
    fputc                                    0x4000018c   ARM Code      44  retarget.o(.text)
    getch                                    0x400001b8   ARM Code      16  retarget.o(.text)
    fgetc                                    0x400001c8   ARM Code      20  retarget.o(.text)
    _ttywrch                                 0x400001dc   ARM Code      24  retarget.o(.text)
    _sys_exit                                0x400001f4   ARM Code       8  retarget.o(.text)
    lcd_write_4bit                           0x400002f0   ARM Code      84  lcd_4bit.o(.text)
    lcd_write_cmd                            0x40000344   ARM Code      48  lcd_4bit.o(.text)
    lcd_putchar                              0x400003a4   ARM Code      24  lcd_4bit.o(.text)
    lcd_init                                 0x400003bc   ARM Code     176  lcd_4bit.o(.text)
    set_cursor                               0x4000046c   ARM Code      52  lcd_4bit.o(.text)
    lcd_clear                                0x400004a0   ARM Code      32  lcd_4bit.o(.text)
    lcd_print                                0x400004c0   ARM Code      40  lcd_4bit.o(.text)
    init_serial                              0x400004f8   ARM Code      68  serial.o(.text)
    send_char                                0x4000053c   ARM Code      36  serial.o(.text)
    kbhit                                    0x40000560   ARM Code      44  serial.o(.text)
    getkey                                   0x4000058c   ARM Code      36  serial.o(.text)
    getkey0                                  0x400005b0   ARM Code      24  serial.o(.text)
    get_char                                 0x400005c8   ARM Code      36  serial.o(.text)
    uart_isr0                                0x400005ec   ARM Code      44  serial.o(.text)
    uart_init_0                              0x40000618   ARM Code     120  serial.o(.text)
    T1_IRQHandler                            0x400006a0   ARM Code      64  timer.o(.text)
    Init_Timer1                              0x400006e0   ARM Code      60  timer.o(.text)
    T0_IRQHandler                            0x4000071c   ARM Code      72  timer.o(.text)
    Timer0_Init                              0x40000764   ARM Code      60  timer.o(.text)
    button_down                              0x400007b4   ARM Code     100  button.o(.text)
    GPIO_IRQHandler                          0x40000818   ARM Code      76  button.o(.text)
    button_init                              0x40000864   ARM Code     108  button.o(.text)
    button_up                                0x400008d0   ARM Code     100  button.o(.text)
    button_setAO                             0x40000934   ARM Code      12  button.o(.text)
    Set_RTC                                  0x40000958   ARM Code      60  lc2378rtc.o(.text)
    Write_RTC                                0x40000994   ARM Code     104  lc2378rtc.o(.text)
    Read_RTC                                 0x400009fc   ARM Code     176  lc2378rtc.o(.text)
    isr_rtc_event                            0x40000aac   ARM Code      64  lc2378rtc.o(.text)
    RtcInit                                  0x40000aec   ARM Code     116  lc2378rtc.o(.text)
    adc_change                               0x40000b74   ARM Code     112  adc.o(.text)
    ADC_IRQHandler                           0x40000be4   ARM Code      48  adc.o(.text)
    ad_setAO                                 0x40000c14   ARM Code      12  adc.o(.text)
    ADC_Init                                 0x40000c20   ARM Code      84  adc.o(.text)
    AD_Get_Val                               0x40000c74   ARM Code      12  adc.o(.text)
    BSP_Init                                 0x40000c9c   ARM Code      44  qmbsp.o(.text)
    BSP_showMsg                              0x40000cc8   ARM Code      40  qmbsp.o(.text)
    BSP_showTime24H                          0x40000cf0   ARM Code      80  qmbsp.o(.text)
    QF_onStartup                             0x40000d40   ARM Code       4  qmbsp.o(.text)
    QF_onIdle                                0x40000d44   ARM Code       4  qmbsp.o(.text)
    QF_onCleanup                             0x40000d48   ARM Code      20  qmbsp.o(.text)
    QF_onClockTick                           0x40000d5c   ARM Code      20  qmbsp.o(.text)
    Q_onAssert                               0x40000d70   ARM Code      44  qmbsp.o(.text)
    _kbhit                                   0x40000d9c   ARM Code       8  qmbsp.o(.text)
    _getch                                   0x40000da4   ARM Code      20  qmbsp.o(.text)
    Alarm_on                                 0x40000df8   ARM Code     172  alarm.o(.text)
    Alarm_off                                0x40000ea4   ARM Code      60  alarm.o(.text)
    Alarm_initial                            0x40000ee0   ARM Code      40  alarm.o(.text)
    Alarm_ctor                               0x40000f08   ARM Code      28  alarm.o(.text)
    AlarmClock_final                         0x40000f3c   ARM Code      72  clock.o(.text)
    AlarmClock_brewing                       0x40000f84   ARM Code      80  clock.o(.text)
    AlarmClock_enableAlarm                   0x40000fd4   ARM Code     132  clock.o(.text)
    AlarmClock_setBrewStrength               0x40001058   ARM Code     172  clock.o(.text)
    AlarmClock_set_minute                    0x40001104   ARM Code     196  clock.o(.text)
    AlarmClock_set_hour                      0x400011c8   ARM Code     284  clock.o(.text)
    AlarmClock_showCurrentTime               0x400012e4   ARM Code     164  clock.o(.text)
    AlarmClock_timekeeping                   0x40001388   ARM Code     228  clock.o(.text)
    AlarmClock_initial                       0x4000146c   ARM Code      84  clock.o(.text)
    AlarmClock_ctor                          0x400014c0   ARM Code     132  clock.o(.text)
    main                                     0x40001544   ARM Code     124  main.o(.text)
    QHsm_dispatch_                           0x40001818   ARM Code     484  qhsm_dis.o(.text)
    QHsm_ctor                                0x40001a10   ARM Code      24  qhsm_ini.o(.text)
    QHsm_init_                               0x40001a28   ARM Code     332  qhsm_ini.o(.text)
    QHsm_top                                 0x40001b8c   ARM Code      12  qhsm_top.o(.text)
    QActive_ctor                             0x40001b98   ARM Code      40  qa_ctor.o(.text)
    QActive_post_                            0x40001bc4   ARM Code     260  qa_fifo.o(.text)
    QActive_get_                             0x40001cd4   ARM Code     208  qa_get_.o(.text)
    QF_getQueueMin                           0x40001da4   ARM Code      80  qa_get_.o(.text)
    QActive_postLIFO_                        0x40001e04   ARM Code     204  qa_lifo.o(.text)
    QEQueue_init                             0x40001edc   ARM Code      44  qeq_init.o(.text)
    QF_add_                                  0x40001f08   ARM Code      84  qf_act.o(.text)
    QF_remove_                               0x40001f5c   ARM Code      88  qf_act.o(.text)
    QF_bzero                                 0x40001fb4   ARM Code      36  qf_act.o(.text)
    QF_gc                                    0x40001fe0   ARM Code     132  qf_gc.o(.text)
    QF_newX_                                 0x40002070   ARM Code     200  qf_new.o(.text)
    QF_poolInit                              0x40002144   ARM Code     180  qf_pool.o(.text)
    QF_tickX_                                0x40002204   ARM Code     312  qf_tick.o(.text)
    QF_noTimeEvtsActiveX                     0x4000233c   ARM Code     104  qf_tick.o(.text)
    QMPool_get                               0x400023ac   ARM Code     220  qmp_get.o(.text)
    QF_getPoolMin                            0x40002488   ARM Code      88  qmp_get.o(.text)
    QMPool_init                              0x400024ec   ARM Code     252  qmp_init.o(.text)
    QMPool_put                               0x400025ec   ARM Code     112  qmp_put.o(.text)
    QTimeEvt_armX                            0x40002660   ARM Code     172  qte_arm.o(.text)
    QTimeEvt_ctorX                           0x40002714   ARM Code      92  qte_ctor.o(.text)
    QTimeEvt_disarm                          0x40002774   ARM Code      60  qte_darm.o(.text)
    QF_init                                  0x400027b0   ARM Code      60  qvanilla.o(.text)
    QF_stop                                  0x400027ec   ARM Code      16  qvanilla.o(.text)
    QF_run                                   0x400027fc   ARM Code     128  qvanilla.o(.text)
    QActive_start_                           0x4000287c   ARM Code     132  qvanilla.o(.text)
    QActive_stop                             0x40002900   ARM Code      24  qvanilla.o(.text)
    Inline ARM to Thumb Veneer to __aeabi_idivmod 0x40002930   ARM Code       8  idiv.o(.text)
    __aeabi_idiv                             0x40002939   Thumb Code     0  idiv.o(.text)
    __aeabi_idivmod                          0x40002939   Thumb Code    44  idiv.o(.text)
    Inline ARM to Thumb Veneer to __aeabi_memcpy 0x40002964   ARM Code       8  memcpya.o(.text)
    __aeabi_memcpy                           0x4000296d   Thumb Code    36  memcpya.o(.text)
    __aeabi_memcpy4                          0x4000296d   Thumb Code     0  memcpya.o(.text)
    __aeabi_memcpy8                          0x4000296d   Thumb Code     0  memcpya.o(.text)
    __aeabi_uidiv                            0x40002991   Thumb Code     0  uidiv.o(.text)
    __aeabi_uidivmod                         0x40002991   Thumb Code    46  uidiv.o(.text)
    Inline ARM to Thumb Veneer to __scatterload 0x400029c0   ARM Code       8  init.o(.text)
    __scatterload                            0x400029c9   Thumb Code    24  init.o(.text)
    __scatterload_rt2                        0x400029c9   Thumb Code     0  init.o(.text)
    T_SWI_Handler                            0x400029e8   ARM Code       0  swi_interrup.o(SWI_Area)
    disable_irq                              0x40002a24   ARM Code       0  swi_interrup.o(SWI_Area)
    enable_irq                               0x40002a38   ARM Code       0  swi_interrup.o(SWI_Area)
    Short Thumb to ARM Veneer to __main_after_scatterload 0x40002a4d   Thumb Code     8  anon$$obj.o(Veneer$$Code)
    Inline ARM to Thumb Veneer to __2fprintf 0x40002a54   ARM Code       8  printf6.o(i.__0fprintf$6)
    __0fprintf$6                             0x40002a5d   Thumb Code    24  printf6.o(i.__0fprintf$6)
    __1fprintf$6                             0x40002a5d   Thumb Code     0  printf6.o(i.__0fprintf$6)
    __2fprintf                               0x40002a5d   Thumb Code     0  printf6.o(i.__0fprintf$6)
    Inline ARM to Thumb Veneer to __2printf  0x40002a78   ARM Code       8  printf6.o(i.__0printf$6)
    __0printf$6                              0x40002a81   Thumb Code    24  printf6.o(i.__0printf$6)
    __1printf$6                              0x40002a81   Thumb Code     0  printf6.o(i.__0printf$6)
    __2printf                                0x40002a81   Thumb Code     0  printf6.o(i.__0printf$6)
    Inline ARM to Thumb Veneer to __2snprintf 0x40002aa0   ARM Code       8  printf6.o(i.__0snprintf$6)
    __0snprintf$6                            0x40002aa9   Thumb Code    38  printf6.o(i.__0snprintf$6)
    __1snprintf$6                            0x40002aa9   Thumb Code     0  printf6.o(i.__0snprintf$6)
    __2snprintf                              0x40002aa9   Thumb Code     0  printf6.o(i.__0snprintf$6)
    __ARM_common_call_via_r2                 0x40002ad5   Thumb Code     2  printf1.o(i.__ARM_common_call_via_r2)
    __ARM_common_call_via_r3                 0x40002ad7   Thumb Code     2  init.o(i.__ARM_common_call_via_r3)
    __ARM_common_call_via_r6                 0x40002ad9   Thumb Code     2  printfb.o(i.__ARM_common_call_via_r6)
    __scatterload_copy                       0x40002adc   ARM Code      28  handlers.o(i.__scatterload_copy)
    __scatterload_null                       0x40002af8   ARM Code       4  handlers.o(i.__scatterload_null)
    __scatterload_zeroinit                   0x40002afc   ARM Code      24  handlers.o(i.__scatterload_zeroinit)
    UserFont                                 0x40002e9e   Data          64  lcd_4bit.o(.constdata)
    APP_alarmClock                           0x40002eec   Data           4  clock.o(.constdata)
    QEP_reservedEvt_                         0x40002ef0   Data          16  qep.o(.constdata)
    QF_log2Lkup                              0x40002f59   Data         256  qf_log2.o(.constdata)
    QF_pwr2Lkup                              0x40003068   Data          65  qf_pwr2.o(.constdata)
    QF_invPwr2Lkup                           0x400030a9   Data          65  qf_pwr2.o(.constdata)
    QF_div8Lkup                              0x400030ea   Data          65  qf_pwr2.o(.constdata)
    Region$$Table$$Base                      0x40003264   Number         0  anon$$obj.o(Region$$Table)
    Region$$Table$$Limit                     0x40003284   Number         0  anon$$obj.o(Region$$Table)
    __stdout                                 0x40004000   Data           4  retarget.o(.data)
    __stdin                                  0x40004004   Data           4  retarget.o(.data)
    __stderr                                 0x40004008   Data           4  retarget.o(.data)
    ao                                       0x40004018   Data           4  button.o(.data)
    rtc_update                               0x40004024   Data           1  lc2378rtc.o(.data)
    ao2                                      0x4000402c   Data           4  adc.o(.data)
    QF_maxPool_                              0x40004038   Data           4  qf_pool.o(.data)
    QF_readySet_                             0x4000403c   Data           4  qvanilla.o(.data)
    QF_active_                               0x400040f4   Data          36  qf_act.o(.bss)
    QF_pool_                                 0x40004118   Data          60  qf_pool.o(.bss)
    QF_timeEvtHead_                          0x40004154   Data          32  qf_tick.o(.bss)
    __initial_sp                             0x40004578   Data         264  startup.o(STACK)



==============================================================================

Memory Map of the image

  Image Entry point : 0x40000000

  Load Region LR_IROM1 (Base: 0x40000000, Size: 0x000032c4, Max: 0x00003fff, ABSOLUTE)

    Execution Region ER_IROM1 (Base: 0x40000000, Size: 0x00003284, Max: 0x00003fff, ABSOLUTE)

    Base Addr    Size         Type   Attr      Idx    E Section Name        Object

    0x40000000   0x00000174   Code   RO           27  * RESET               startup.o
    0x40000174   0x00000000   Code   RO          908  * .ARM.Collect$$$$00000000  mc_t.l(entry.o)
    0x40000174   0x00000004   Code   RO         1182    .ARM.Collect$$$$00000001  mc_t.l(entry2.o)
    0x40000178   0x00000004   Code   RO         1184    .ARM.Collect$$$$00000004  mc_t.l(entry5.o)
    0x4000017c   0x00000000   Code   RO         1186    .ARM.Collect$$$$00000008  mc_t.l(entry7b.o)
    0x4000017c   0x00000000   Code   RO         1188    .ARM.Collect$$$$0000000A  mc_t.l(entry8b.o)
    0x4000017c   0x0000000c   Code   RO         1189    .ARM.Collect$$$$0000000B  mc_t.l(entry9a.o)
    0x40000188   0x00000000   Code   RO         1191    .ARM.Collect$$$$0000000D  mc_t.l(entry10a.o)
    0x40000188   0x00000000   Code   RO         1193    .ARM.Collect$$$$0000000F  mc_t.l(entry11a.o)
    0x40000188   0x00000004   Code   RO         1183    .ARM.Collect$$$$00002712  mc_t.l(entry2.o)
    0x4000018c   0x00000070   Code   RO            1    .text               retarget.o
    0x400001fc   0x000002fc   Code   RO           34    .text               lcd_4bit.o
    0x400004f8   0x000001a8   Code   RO           68    .text               serial.o
    0x400006a0   0x00000114   Code   RO           82    .text               timer.o
    0x400007b4   0x000001a4   Code   RO          135    .text               button.o
    0x40000958   0x0000021c   Code   RO          177    .text               lc2378rtc.o
    0x40000b74   0x00000128   Code   RO          195    .text               adc.o
    0x40000c9c   0x0000015c   Code   RO          213    .text               qmbsp.o
    0x40000df8   0x00000144   Code   RO          253    .text               alarm.o
    0x40000f3c   0x00000608   Code   RO          267    .text               clock.o
    0x40001544   0x00000094   Code   RO          286    .text               main.o
    0x400015d8   0x00000438   Code   RO          345    .text               qhsm_dis.o
    0x40001a10   0x0000017c   Code   RO          373    .text               qhsm_ini.o
    0x40001b8c   0x0000000c   Code   RO          387    .text               qhsm_top.o
    0x40001b98   0x0000002c   Code   RO          439    .text               qa_ctor.o
    0x40001bc4   0x00000110   Code   RO          474    .text               qa_fifo.o
    0x40001cd4   0x00000130   Code   RO          488    .text               qa_get_.o
    0x40001e04   0x000000d8   Code   RO          502    .text               qa_lifo.o
    0x40001edc   0x0000002c   Code   RO          586    .text               qeq_init.o
    0x40001f08   0x000000d8   Code   RO          612    .text               qf_act.o
    0x40001fe0   0x00000090   Code   RO          636    .text               qf_gc.o
    0x40002070   0x000000d4   Code   RO          663    .text               qf_new.o
    0x40002144   0x000000c0   Code   RO          677    .text               qf_pool.o
    0x40002204   0x000001a8   Code   RO          748    .text               qf_tick.o
    0x400023ac   0x00000140   Code   RO          781    .text               qmp_get.o
    0x400024ec   0x00000100   Code   RO          795    .text               qmp_init.o
    0x400025ec   0x00000074   Code   RO          809    .text               qmp_put.o
    0x40002660   0x000000b4   Code   RO          823    .text               qte_arm.o
    0x40002714   0x00000060   Code   RO          837    .text               qte_ctor.o
    0x40002774   0x0000003c   Code   RO          863    .text               qte_darm.o
    0x400027b0   0x00000180   Code   RO          889    .text               qvanilla.o
    0x40002930   0x00000008   Ven    RO          911    .text               mc_t.l(idiv.o)
    0x40002938   0x0000002c   Code   RO          911    .text               mc_t.l(idiv.o)
    0x40002964   0x00000008   Ven    RO          913    .text               mc_t.l(memcpya.o)
    0x4000296c   0x00000024   Code   RO          913    .text               mc_t.l(memcpya.o)
    0x40002990   0x0000002e   Code   RO         1195    .text               mc_t.l(uidiv.o)
    0x400029be   0x00000002   PAD
    0x400029c0   0x00000008   Ven    RO         1210    .text               mc_t.l(init.o)
    0x400029c8   0x00000020   Code   RO         1210    .text               mc_t.l(init.o)
    0x400029e8   0x00000064   Code   RO           31    SWI_Area            swi_interrup.o
    0x40002a4c   0x00000008   Ven    RO         1238    Veneer$$Code        anon$$obj.o
    0x40002a54   0x00000008   Ven    RO         1075    i.__0fprintf$6      mc_t.l(printf6.o)
    0x40002a5c   0x0000001c   Code   RO         1075    i.__0fprintf$6      mc_t.l(printf6.o)
    0x40002a78   0x00000008   Ven    RO         1076    i.__0printf$6       mc_t.l(printf6.o)
    0x40002a80   0x00000020   Code   RO         1076    i.__0printf$6       mc_t.l(printf6.o)
    0x40002aa0   0x00000008   Ven    RO         1077    i.__0snprintf$6     mc_t.l(printf6.o)
    0x40002aa8   0x0000002c   Code   RO         1077    i.__0snprintf$6     mc_t.l(printf6.o)
    0x40002ad4   0x00000002   Code   RO          985    i.__ARM_common_call_via_r2  mc_t.l(printf1.o)
    0x40002ad6   0x00000002   Code   RO         1212    i.__ARM_common_call_via_r3  mc_t.l(init.o)
    0x40002ad8   0x00000002   Code   RO          939    i.__ARM_common_call_via_r6  mc_t.l(printfb.o)
    0x40002ada   0x00000002   PAD
    0x40002adc   0x0000001c   Code   RO         1226    i.__scatterload_copy  mc_t.l(handlers.o)
    0x40002af8   0x00000004   Code   RO         1227    i.__scatterload_null  mc_t.l(handlers.o)
    0x40002afc   0x00000018   Code   RO         1228    i.__scatterload_zeroinit  mc_t.l(handlers.o)
    0x40002b14   0x0000031c   Code   RO         1083    i._printf_core      mc_t.l(printf6.o)
    0x40002e30   0x00000026   Code   RO         1084    i._printf_post_padding  mc_t.l(printf6.o)
    0x40002e56   0x00000032   Code   RO         1085    i._printf_pre_padding  mc_t.l(printf6.o)
    0x40002e88   0x00000016   Code   RO         1086    i._snputc           mc_t.l(printf6.o)
    0x40002e9e   0x00000040   Data   RO           35    .constdata          lcd_4bit.o
    0x40002ede   0x00000002   PAD
    0x40002ee0   0x00000010   Data   RO          269    .constdata          clock.o
    0x40002ef0   0x00000010   Data   RO          301    .constdata          qep.o
    0x40002f00   0x00000009   Data   RO          346    .constdata          qhsm_dis.o
    0x40002f09   0x00000003   PAD
    0x40002f0c   0x00000014   Data   RO          374    .constdata          qhsm_ini.o
    0x40002f20   0x00000014   Data   RO          440    .constdata          qa_ctor.o
    0x40002f34   0x00000008   Data   RO          475    .constdata          qa_fifo.o
    0x40002f3c   0x00000008   Data   RO          489    .constdata          qa_get_.o
    0x40002f44   0x00000008   Data   RO          503    .constdata          qa_lifo.o
    0x40002f4c   0x00000007   Data   RO          614    .constdata          qf_act.o
    0x40002f53   0x00000006   Data   RO          637    .constdata          qf_gc.o
    0x40002f59   0x00000100   Data   RO          650    .constdata          qf_log2.o
    0x40003059   0x00000007   Data   RO          664    .constdata          qf_new.o
    0x40003060   0x00000008   Data   RO          679    .constdata          qf_pool.o
    0x40003068   0x000000c3   Data   RO          731    .constdata          qf_pwr2.o
    0x4000312b   0x00000008   Data   RO          750    .constdata          qf_tick.o
    0x40003133   0x00000008   Data   RO          782    .constdata          qmp_get.o
    0x4000313b   0x00000009   Data   RO          796    .constdata          qmp_init.o
    0x40003144   0x00000008   Data   RO          810    .constdata          qmp_put.o
    0x4000314c   0x00000008   Data   RO          824    .constdata          qte_arm.o
    0x40003154   0x00000009   Data   RO          838    .constdata          qte_ctor.o
    0x4000315d   0x00000009   Data   RO          890    .constdata          qvanilla.o
    0x40003166   0x00000002   PAD
    0x40003168   0x000000fc   Data   RO          288    .conststring        main.o
    0x40003264   0x00000020   Data   RO         1224    Region$$Table       anon$$obj.o


    Execution Region RW_IRAM1 (Base: 0x40004000, Size: 0x00000680, Max: 0x00003fff, ABSOLUTE)

    Base Addr    Size         Type   Attr      Idx    E Section Name        Object

    0x40004000   0x0000000c   Data   RW            2    .data               retarget.o
    0x4000400c   0x00000008   Data   RW           69    .data               serial.o
    0x40004014   0x00000004   Data   RW           83    .data               timer.o
    0x40004018   0x0000000c   Data   RW          136    .data               button.o
    0x40004024   0x00000001   Data   RW          178    .data               lc2378rtc.o
    0x40004025   0x00000003   PAD
    0x40004028   0x0000000e   Data   RW          196    .data               adc.o
    0x40004036   0x00000002   PAD
    0x40004038   0x00000004   Data   RW          680    .data               qf_pool.o
    0x4000403c   0x00000004   Data   RW          891    .data               qvanilla.o
    0x40004040   0x00000064   Zero   RW          268    .bss                clock.o
    0x400040a4   0x00000050   Zero   RW          287    .bss                main.o
    0x400040f4   0x00000024   Zero   RW          613    .bss                qf_act.o
    0x40004118   0x0000003c   Zero   RW          678    .bss                qf_pool.o
    0x40004154   0x00000020   Zero   RW          749    .bss                qf_tick.o
    0x40004174   0x00000004   PAD
    0x40004178   0x00000508   Zero   RW           25    STACK               startup.o


==============================================================================

Image component sizes


      Code (inc. data)   RO Data    RW Data    ZI Data      Debug   Object Name

       296         28          0         14          0       1435   adc.o
       324         24          0          0          0       1682   alarm.o
       420         24          0         12          0       4008   button.o
      1544        144         16          0        100       5764   clock.o
       540         20          0          1          0       2440   lc2378rtc.o
       764         16         64          0          0       3598   lcd_4bit.o
       148         24        252          0         80       1323   main.o
        44          4         20          0          0       1179   qa_ctor.o
         0          0          0          0          0        984   qa_defer.o
       272         12          8          0          0       1832   qa_fifo.o
       304         16          8          0          0       1938   qa_get_.o
       216         12          8          0          0       1728   qa_lifo.o
         0          0         16          0          0        875   qep.o
        44          0          0          0          0       1251   qeq_init.o
       216          8          7          0         36       4284   qf_act.o
       144         12          6          0          0       1628   qf_gc.o
         0          0        256          0          0        802   qf_log2.o
       212         12          7          0          0       1791   qf_new.o
       192         12          8          4         60       1813   qf_pool.o
         0          0        195          0          0        989   qf_pwr2.o
       424          8          8          0         32       2203   qf_tick.o
      1080         20          9          0          0       2485   qhsm_dis.o
       380         24         20          0          0       2107   qhsm_ini.o
        12          0          0          0          0        655   qhsm_top.o
       348         64          0          0          0       4444   qmbsp.o
       320         12          8          0          0       2059   qmp_get.o
       256          4          9          0          0       1882   qmp_init.o
       116          4          8          0          0       1669   qmp_put.o
       180          8          8          0          0       1780   qte_arm.o
        96          4          9          0          0       1721   qte_ctor.o
        60          0          0          0          0       1362   qte_darm.o
       384         24          9          4          0       2620   qvanilla.o
       112          0          0         12          0       4453   retarget.o
       424         16          0          8          0       1804   serial.o
       372         52          0          0       1288        404   startup.o
       100          0          0          0          0        304   swi_interrup.o
       276         20          0          4          0      14110   timer.o

    ----------------------------------------------------------------------
     10628        628        998         64       1600      87406   Object Totals
         8          0         32          0          0          0   (incl. Generated)
         0          0          7          5          4          0   (incl. Padding)

    ----------------------------------------------------------------------

      Code (inc. data)   RO Data    RW Data    ZI Data      Debug   Library Member Name

         0          0          0          0          0          0   entry.o
         0          0          0          0          0          0   entry10a.o
         0          0          0          0          0          0   entry11a.o
         8          4          0          0          0          0   entry2.o
         4          0          0          0          0          0   entry5.o
         0          0          0          0          0          0   entry7b.o
         0          0          0          0          0          0   entry8b.o
        12          4          0          0          0          0   entry9a.o
        56          0          0          0          0          0   handlers.o
        52          0          0          0          0         84   idiv.o
        42          8          0          0          0        136   init.o
        44          0          0          0          0         60   memcpya.o
         2          0          0          0          0         60   printf1.o
      1034         22          0          0          0        588   printf6.o
         2          0          0          0          0         60   printfb.o
        46          0          0          0          0         72   uidiv.o

    ----------------------------------------------------------------------
      1306         38          0          0          0       1060   Library Totals
         4          0          0          0          0          0   (incl. Padding)

    ----------------------------------------------------------------------

      Code (inc. data)   RO Data    RW Data    ZI Data      Debug   Library Name

      1302         38          0          0          0       1060   mc_t.l

    ----------------------------------------------------------------------
      1306         38          0          0          0       1060   Library Totals

    ----------------------------------------------------------------------

==============================================================================


      Code (inc. data)   RO Data    RW Data    ZI Data      Debug   

     11934        666        998         64       1600      86098   Grand Totals
     11934        666        998         64       1600      86098   ELF Image Totals
     11934        666        998         64          0          0   ROM Totals

==============================================================================

    Total RO  Size (Code + RO Data)                12932 (  12.63kB)
    Total RW  Size (RW Data + ZI Data)              1664 (   1.63kB)
    Total ROM Size (Code + RO Data + RW Data)      12996 (  12.69kB)

==============================================================================

