<html>
<body>
<pre>
<h1>µVision Build Log</h1>
<h2>Project:</h2>
C:\Barker-SS2017\2017-barker-eds\Projects\Seminars\EDS-SS17\ARM\ARM7\MCB2300\comp - Model\comp.uvproj
Project File Date:  06/28/2017

<h2>Output:</h2>
Rebuild target 'comp'
compiling Retarget.c...
assembling startup.s...
assembling swi_interrup.s...
compiling LCD_4bit.c...
compiling led.c...
compiling Serial.c...
compiling timer.c...
compiling button.c...
..\..\..\..\..\..\..\CPU_Platforms\ARM\ARM7\MCB2300\include\rtc.h(21): warning:  #1295-D: Deprecated declaration RtcInit - give arg types
  void RtcInit();
.\src\qmbsp.h(12): warning:  #1295-D: Deprecated declaration BSP_Init - give arg types
  void BSP_Init();
bsp\button.c: 2 warnings, 0 errors
compiling lc2378rtc.c...
..\..\..\..\..\..\..\CPU_Platforms\ARM\ARM7\MCB2300\include\rtc.h(21): warning:  #1295-D: Deprecated declaration RtcInit - give arg types
  void RtcInit();
bsp\lc2378rtc.c: 1 warning, 0 errors
compiling adc.c...
..\..\..\..\..\..\..\CPU_Platforms\ARM\ARM7\MCB2300\include\rtc.h(21): warning:  #1295-D: Deprecated declaration RtcInit - give arg types
  void RtcInit();
.\src\qmbsp.h(12): warning:  #1295-D: Deprecated declaration BSP_Init - give arg types
  void BSP_Init();
bsp\adc.h(7): warning:  #1295-D: Deprecated declaration adc_change - give arg types
  void adc_change();
bsp\adc.c: 3 warnings, 0 errors
compiling qmbsp.c...
..\..\..\..\..\..\..\CPU_Platforms\ARM\ARM7\MCB2300\include\rtc.h(21): warning:  #1295-D: Deprecated declaration RtcInit - give arg types
  void RtcInit();
src\qmbsp.h(12): warning:  #1295-D: Deprecated declaration BSP_Init - give arg types
  void BSP_Init();
src\qmbsp.c(16): warning:  #223-D: function "Init_Timer1" declared implicitly
   Init_Timer1( );
src\qmbsp.c(17): warning:  #223-D: function "Timer0_Init" declared implicitly
        Timer0_Init();
src\qmbsp.c(20): warning:  #223-D: function "uart_init_0" declared implicitly
    uart_init_0 ();
src\qmbsp.c(21): warning:  #223-D: function "ADC_Init" declared implicitly
        ADC_Init();
src\qmbsp.c(25): warning:  #223-D: function "lcd_init" declared implicitly
    lcd_init();
src\qmbsp.c(26): warning:  #223-D: function "lcd_clear" declared implicitly
    lcd_clear();
src\qmbsp.c(30): warning:  #223-D: function "lcd_clear" declared implicitly
        lcd_clear();
src\qmbsp.c(31): warning:  #223-D: function "set_cursor" declared implicitly
    set_cursor (0, 0);
src\qmbsp.c(32): warning:  #223-D: function "lcd_print" declared implicitly
        lcd_print (str);
src\qmbsp.c(38): warning:  #223-D: function "lcd_clear" declared implicitly
    lcd_clear();
src\qmbsp.c(39): warning:  #223-D: function "set_cursor" declared implicitly
    set_cursor (0, 0);
src\qmbsp.c(42): warning:  #223-D: function "lcd_print" declared implicitly
        lcd_print(buffer);
src\qmbsp.c(12): warning:  #177-D: variable "Q_this_module_" was declared but never referenced
  Q_DEFINE_THIS_FILE
src\qmbsp.c: 15 warnings, 0 errors
compiling alarm.c...
..\..\..\..\..\..\..\CPU_Platforms\ARM\ARM7\MCB2300\include\rtc.h(21): warning:  #1295-D: Deprecated declaration RtcInit - give arg types
  void RtcInit();
src\qmbsp.h(12): warning:  #1295-D: Deprecated declaration BSP_Init - give arg types
  void BSP_Init();
src\alarm.c(22): warning:  #177-D: variable "Q_this_module_" was declared but never referenced
  Q_DEFINE_THIS_FILE
src\alarm.c: 3 warnings, 0 errors
compiling clock.c...
..\..\..\..\..\..\..\CPU_Platforms\ARM\ARM7\MCB2300\include\rtc.h(21): warning:  #1295-D: Deprecated declaration RtcInit - give arg types
  void RtcInit();
src\qmbsp.h(12): warning:  #1295-D: Deprecated declaration BSP_Init - give arg types
  void BSP_Init();
src\clock.c(43): warning:  #223-D: function "ad_setAO" declared implicitly
      ad_setAO(&me->super);
src\clock.c(25): warning:  #177-D: variable "Q_this_module_" was declared but never referenced
  Q_DEFINE_THIS_FILE
src\clock.c: 4 warnings, 0 errors
compiling main.c...
..\..\..\..\..\..\..\CPU_Platforms\ARM\ARM7\MCB2300\include\rtc.h(21): warning:  #1295-D: Deprecated declaration RtcInit - give arg types
  void RtcInit();
src\qmbsp.h(12): warning:  #1295-D: Deprecated declaration BSP_Init - give arg types
  void BSP_Init();
src\main.c: 2 warnings, 0 errors
compiling qep.c...
compiling qfsm_dis.c...
compiling qfsm_ini.c...
compiling qhsm_dis.c...
compiling qhsm_in.c...
compiling qhsm_ini.c...
compiling qhsm_top.c...
compiling qmsm_dis.c...
compiling qmsm_in.c...
compiling qmsm_ini.c...
compiling qa_ctor.c...
compiling qa_defer.c...
compiling qa_fifo.c...
compiling qa_get_.c...
compiling qa_lifo.c...
compiling qa_sub.c...
compiling qa_usub.c...
compiling qa_usuba.c...
compiling qeq_fifo.c...
compiling qeq_get.c...
compiling qeq_init.c...
compiling qeq_lifo.c...
compiling qf_act.c...
compiling qf_gc.c...
compiling qf_log2.c...
compiling qf_new.c...
compiling qf_pool.c...
compiling qf_psini.c...
compiling qf_pspub.c...
compiling qf_pwr2.c...
compiling qf_tick.c...
compiling qma_ctor.c...
compiling qmp_get.c...
compiling qmp_init.c...
compiling qmp_put.c...
compiling qte_arm.c...
compiling qte_ctor.c...
compiling qte_ctr.c...
compiling qte_darm.c...
compiling qte_rarm.c...
compiling qvanilla.c...
linking...
Program Size: Code=11750 RO-data=998 RW-data=64 ZI-data=1760  
".\obj\comp.axf" - 0 Error(s), 30 Warning(s).
</pre>
</body>
</html>
rget not created
 Error(s), 29 Warning(s).
Target not created
