<html>
<body>
<pre>
<h1>µVision Build Log</h1>
<h2>Project:</h2>
C:\Barker-SS2017\2017-barker-eds\Projects\Seminars\EDS-SS17\ARM\ARM7\MCB2300\comp\comp.uvproj
Project File Date:  06/14/2017

<h2>Output:</h2>
Rebuild target 'comp'
compiling Retarget.c...
assembling startup.s...
assembling swi_interrup.s...
compiling LCD_4bit.c...
compiling led.c...
compiling Serial.c...
compiling timer.c...
compiling qmbsp.c...
src\qmbsp.h(11): warning:  #1295-D: Deprecated declaration BSP_Init - give arg types
  void BSP_Init();
src\qmbsp.c(13): warning:  #223-D: function "Init_Timer1" declared implicitly
   Init_Timer1( );
src\qmbsp.c(16): warning:  #223-D: function "uart_init_0" declared implicitly
    uart_init_0 ( );
src\qmbsp.c(17): warning:  #223-D: function "lcd_init" declared implicitly
    lcd_init();
src\qmbsp.c(18): warning:  #223-D: function "lcd_clear" declared implicitly
    lcd_clear();
src\qmbsp.c(19): warning:  #223-D: function "set_cursor" declared implicitly
    set_cursor (0, 1);
src\qmbsp.c(9): warning:  #177-D: variable "Q_this_module_" was declared but never referenced
  Q_DEFINE_THIS_FILE
src\qmbsp.c: 7 warnings, 0 errors
compiling alarm.c...
src\qmbsp.h(11): warning:  #1295-D: Deprecated declaration BSP_Init - give arg types
  void BSP_Init();
src\alarm.c(22): warning:  #177-D: variable "Q_this_module_" was declared but never referenced
  Q_DEFINE_THIS_FILE
src\alarm.c: 2 warnings, 0 errors
compiling clock.c...
src\qmbsp.h(11): warning:  #1295-D: Deprecated declaration BSP_Init - give arg types
  void BSP_Init();
src\clock.c(24): warning:  #177-D: variable "Q_this_module_" was declared but never referenced
  Q_DEFINE_THIS_FILE
src\clock.c: 2 warnings, 0 errors
compiling main.c...
src\qmbsp.h(11): warning:  #1295-D: Deprecated declaration BSP_Init - give arg types
  void BSP_Init();
src\main.c: 1 warning, 0 errors
compiling qep.c...
compiling qfsm_dis.c...
compiling qfsm_ini.c...
compiling qhsm_dis.c...
compiling qhsm_in.c...
compiling qhsm_ini.c...
compiling qhsm_top.c...
compiling qmsm_dis.c...
compiling qmsm_in.c...
compiling qmsm_ini.c...
compiling qa_ctor.c...
compiling qa_defer.c...
compiling qa_fifo.c...
compiling qa_get_.c...
compiling qa_lifo.c...
compiling qa_sub.c...
compiling qa_usub.c...
compiling qa_usuba.c...
compiling qeq_fifo.c...
compiling qeq_get.c...
compiling qeq_init.c...
compiling qeq_lifo.c...
compiling qf_act.c...
compiling qf_gc.c...
compiling qf_log2.c...
compiling qf_new.c...
compiling qf_pool.c...
compiling qf_psini.c...
compiling qf_pspub.c...
compiling qf_pwr2.c...
compiling qf_tick.c...
compiling qma_ctor.c...
compiling qmp_get.c...
compiling qmp_init.c...
compiling qmp_put.c...
compiling qte_arm.c...
compiling qte_ctor.c...
compiling qte_ctr.c...
compiling qte_darm.c...
compiling qte_rarm.c...
compiling qvanilla.c...
linking...
Program Size: Code=11352 RO-data=996 RW-data=32 ZI-data=1616  
".\obj\comp.axf" - 0 Error(s), 12 Warning(s).
c...
compiling qf_pwr2.c...
compiling qf_tick.c...
compiling qma_ctor.c...
compiling qmp_get.c...
compiling qmp_init.c...
compiling qmp_put.c...
compiling qte_arm.c...
compiling qte_ctor.c...
compiling qte_ctr.c...
compiling qte_darm.c...
compiling qte_rarm.c...
compiling qvanilla.c...
linking...
.\obj\comp.axf: Error: L6218E: Undefined symbol QHSM_DISPATCH (referred from clock.o).
Not enough information to list image symbols.
Finished: 1 information, 0 warning and 1 error messages.
".\obj\comp.axf" - 1 Error(s), 15 Warning(s).
Target not created
 L6218E: Undefined symbol QHSM_DISPATCH (referred from clock.o).
.\obj\comp.axf: Error: L6218E: Undefined symbol QF_onIdle (referred from qvanilla.o).
Not enough information to list image symbols.
Finished: 1 information, 0 warning and 3 error messages.
".\obj\comp.axf" - 3 Error(s), 16 Warning(s).
Target not created
 information to list image symbols.
Finished: 1 information, 0 warning and 5 error messages.
".\obj\comp.axf" - 5 Error(s), 16 Warning(s).
Target not created
piling main.c...
src\clock.h(67): error:  #20: identifier "Alarm" is undefined
      Alarm alarm;
src\main.c(35): warning:  #223-D: function "BSP_Init" declared implicitly
      BSP_Init(); /* initialize the BSP */
src\main.c: 1 warning, 1 error
compiling qep.c...
compiling qfsm_dis.c...
compiling qfsm_ini.c...
compiling qhsm_dis.c...
compiling qhsm_in.c...
compiling qhsm_ini.c...
compiling qhsm_top.c...
compiling qmsm_dis.c...
compiling qmsm_in.c...
compiling qmsm_ini.c...
compiling qa_ctor.c...
compiling qa_defer.c...
compiling qa_fifo.c...
compiling qa_get_.c...
compiling qa_lifo.c...
compiling qa_sub.c...
compiling qa_usub.c...
compiling qa_usuba.c...
compiling qeq_fifo.c...
compiling qeq_get.c...
compiling qeq_init.c...
compiling qeq_lifo.c...
compiling qf_act.c...
compiling qf_gc.c...
compiling qf_log2.c...
compiling qf_new.c...
compiling qf_pool.c...
compiling qf_psini.c...
compiling qf_pspub.c...
compiling qf_pwr2.c...
compiling qf_tick.c...
compiling qma_ctor.c...
compiling qmp_get.c...
compiling qmp_init.c...
compiling qmp_put.c...
compiling qte_arm.c...
compiling qte_ctor.c...
compiling qte_ctr.c...
compiling qte_darm.c...
compiling qte_rarm.c...
compiling qvanilla.c...
".\obj\comp.axf" - 21 Error(s), 10 Warning(s).
Target not created
ma_ctor.c...
compiling qmp_get.c...
compiling qmp_init.c...
compiling qmp_put.c...
compiling qte_arm.c...
compiling qte_ctor.c...
compiling qte_ctr.c...
compiling qte_darm.c...
compiling qte_rarm.c...
compiling qvanilla.c...
".\obj\comp.axf" - 18 Error(s), 14 Warning(s).
Target not created
